 ServerSide

 Timestamp is 6963e5fc (Sun Jan 11 20:03:40 2026)

 Preferred load address is 0000000140000000

 Start         Length     Name                   Class
 0001:00000000 00002816H .text                   CODE
 0001:00002820 00000030H .text$_ZN6System11AnsiStringTILt0EEC1Ev CODE
 0001:00002850 00000019H .text$_ZNSt3__13mapIiNS_12basic_stringIcNS_11char_traitsIcEENS_9allocatorIcEEEENS_4lessIiEENS4_INS_4pairIKiS6_EEEEEC1B8ne200100Ev CODE
 0001:00002870 00000030H .text$_ZN6System9TDateTimeC1Ev CODE
 0001:000028a0 00000045H .text$_ZN6System13UnicodeStringaSEOS0_ CODE
 0001:000028f0 00000023H .text$_ZN6System9TDateTimeaSERKS0_ CODE
 0001:00002920 00000044H .text$_ZN6System11AnsiStringTILt0EEC1EPKc CODE
 0001:00002970 00000045H .text$_ZN6System11AnsiStringTILt0EEaSEOS1_ CODE
 0001:000029c0 00000019H .text$_ZN6System11AnsiStringTILt0EED1Ev CODE
 0001:000029e0 00000019H .text$_ZNSt3__13mapIiNS_12basic_stringIcNS_11char_traitsIcEENS_9allocatorIcEEEENS_4lessIiEENS4_INS_4pairIKiS6_EEEEED1B8ne200100Ev CODE
 0001:00002a00 00000044H .text$_ZN6System11AnsiStringTILt0EEC1ERKNS_13UnicodeStringE CODE
 0001:00002a50 00000044H .text$_ZN6System13UnicodeStringC1ILt0EEERKNS_11AnsiStringTIXT_EEE CODE
 0001:00002aa0 00000012H .text$_ZN6System9TDateTimeC2Ev CODE
 0001:00002ac0 0000000fH .text$__clang_call_terminate CODE
 0001:00002ad0 00000047H .text$_ZN6System11AnsiStringTILt0EEC2ERKNS_13UnicodeStringE CODE
 0001:00002b20 000000d0H .text$_ZN6System11AnsiStringTILt0EED2Ev CODE
 0001:00002bf0 00000023H .text$_ZN6System11AnsiStringTILt0EEC1ERKS1_ CODE
 0001:00002c20 00000023H .text$_ZN6System11AnsiStringTILt0EEC2ERKS1_ CODE
 0001:00002c50 00000030H .text$_ZN6System11AnsiStringTILt0EEC2Ev CODE
 0001:00002c80 00000012H .text$_ZN6System14AnsiStringBaseC2Ev CODE
 0001:00002ca0 0000002aH .text$_ZN6System13UnicodeStringC2ILt0EEERKNS_11AnsiStringTIXT_EEE CODE
 0001:00002cd0 00000036H .text$_ZNSt3__13mapIiNS_12basic_stringIcNS_11char_traitsIcEENS_9allocatorIcEEEENS_4lessIiEENS4_INS_4pairIKiS6_EEEEEC2B8ne200100Ev CODE
 0001:00002d10 00000021H .text$_ZNSt3__119__map_value_compareIiNS_12__value_typeIiNS_12basic_stringIcNS_11char_traitsIcEENS_9allocatorIcEEEEEENS_4lessIiEELb1EEC1B8ne200100ESA_ CODE
 0001:00002d40 00000023H .text$_ZNSt3__16__treeINS_12__value_typeIiNS_12basic_stringIcNS_11char_traitsIcEENS_9allocatorIcEEEEEENS_19__map_value_compareIiS8_NS_4lessIiEELb1EEENS5_IS8_EEEC1ERKSC_ CODE
 0001:00002d70 00000011H .text$_ZNSt3__119__map_value_compareIiNS_12__value_typeIiNS_12basic_stringIcNS_11char_traitsIcEENS_9allocatorIcEEEEEENS_4lessIiEELb1EEC2B8ne200100ESA_ CODE
 0001:00002d90 00000059H .text$_ZNSt3__16__treeINS_12__value_typeIiNS_12basic_stringIcNS_11char_traitsIcEENS_9allocatorIcEEEEEENS_19__map_value_compareIiS8_NS_4lessIiEELb1EEENS5_IS8_EEEC2ERKSC_ CODE
 0001:00002df0 00000019H .text$_ZNSt3__115__tree_end_nodeIPNS_16__tree_node_baseIPvEEEC1B8ne200100Ev CODE
 0001:00002e10 00000019H .text$_ZNSt3__19allocatorINS_11__tree_nodeINS_12__value_typeIiNS_12basic_stringIcNS_11char_traitsIcEENS0_IcEEEEEEPvEEEC1B8ne200100Ev CODE
 0001:00002e30 0000001dH .text$_ZNSt3__16__treeINS_12__value_typeIiNS_12basic_stringIcNS_11char_traitsIcEENS_9allocatorIcEEEEEENS_19__map_value_compareIiS8_NS_4lessIiEELb1EEENS5_IS8_EEE10__end_nodeB8ne200100Ev CODE
 0001:00002e50 0000000bH .text$_ZNSt3__16__treeINS_12__value_typeIiNS_12basic_stringIcNS_11char_traitsIcEENS_9allocatorIcEEEEEENS_19__map_value_compareIiS8_NS_4lessIiEELb1EEENS5_IS8_EEE12__begin_nodeB8ne200100Ev CODE
 0001:00002e60 00000012H .text$_ZNSt3__115__tree_end_nodeIPNS_16__tree_node_baseIPvEEEC2B8ne200100Ev CODE
 0001:00002e80 00000019H .text$_ZNSt3__19allocatorINS_11__tree_nodeINS_12__value_typeIiNS_12basic_stringIcNS_11char_traitsIcEENS0_IcEEEEEEPvEEEC2B8ne200100Ev CODE
 0001:00002ea0 00000007H .text$_ZNSt3__116__non_trivial_ifILb1ENS_9allocatorINS_11__tree_nodeINS_12__value_typeIiNS_12basic_stringIcNS_11char_traitsIcEENS1_IcEEEEEEPvEEEEEC2B8ne200100Ev CODE
 0001:00002eb0 0000000bH .text$_ZNSt3__114pointer_traitsIPNS_15__tree_end_nodeIPNS_16__tree_node_baseIPvEEEEE10pointer_toB8ne200100ERS6_ CODE
 0001:00002ec0 00000019H .text$_ZNSt3__13mapIiNS_12basic_stringIcNS_11char_traitsIcEENS_9allocatorIcEEEENS_4lessIiEENS4_INS_4pairIKiS6_EEEEED2B8ne200100Ev CODE
 0001:00002ee0 00000019H .text$_ZNSt3__16__treeINS_12__value_typeIiNS_12basic_stringIcNS_11char_traitsIcEENS_9allocatorIcEEEEEENS_19__map_value_compareIiS8_NS_4lessIiEELb1EEENS5_IS8_EEED1Ev CODE
 0001:00002f00 0000002bH .text$_ZNSt3__16__treeINS_12__value_typeIiNS_12basic_stringIcNS_11char_traitsIcEENS_9allocatorIcEEEEEENS_19__map_value_compareIiS8_NS_4lessIiEELb1EEENS5_IS8_EEED2Ev CODE
 0001:00002f30 000000a8H .text$_ZNSt3__16__treeINS_12__value_typeIiNS_12basic_stringIcNS_11char_traitsIcEENS_9allocatorIcEEEEEENS_19__map_value_compareIiS8_NS_4lessIiEELb1EEENS5_IS8_EEE7destroyEPNS_11__tree_nodeIS8_PvEE CODE
 0001:00002fe0 0000001bH .text$_ZNKSt3__16__treeINS_12__value_typeIiNS_12basic_stringIcNS_11char_traitsIcEENS_9allocatorIcEEEEEENS_19__map_value_compareIiS8_NS_4lessIiEELb1EEENS5_IS8_EEE6__rootB8ne200100Ev CODE
 0001:00003000 0000000bH .text$_ZNSt3__16__treeINS_12__value_typeIiNS_12basic_stringIcNS_11char_traitsIcEENS_9allocatorIcEEEEEENS_19__map_value_compareIiS8_NS_4lessIiEELb1EEENS5_IS8_EEE12__node_allocB8ne200100Ev CODE
 0001:00003010 0000001eH .text$_ZNSt3__116allocator_traitsINS_9allocatorINS_11__tree_nodeINS_12__value_typeIiNS_12basic_stringIcNS_11char_traitsIcEENS1_IcEEEEEEPvEEEEE7destroyB8ne200100INS_4pairIKiS8_EEvTnNS_9enable_ifIXntsr13__has_destroyISC_PT_EE5valueEiE4typeELi0EEEvRSC_SK_ CODE
 0001:00003030 00000019H .text$_ZNSt3__122__tree_key_value_typesINS_12__value_typeIiNS_12basic_stringIcNS_11char_traitsIcEENS_9allocatorIcEEEEEEE9__get_ptrB8ne200100ERS8_ CODE
 0001:00003050 0000002dH .text$_ZNSt3__116allocator_traitsINS_9allocatorINS_11__tree_nodeINS_12__value_typeIiNS_12basic_stringIcNS_11char_traitsIcEENS1_IcEEEEEEPvEEEEE10deallocateB8ne200100ERSC_PSB_y CODE
 0001:00003080 00000019H .text$_ZNSt3__112__destroy_atB8ne200100INS_4pairIKiNS_12basic_stringIcNS_11char_traitsIcEENS_9allocatorIcEEEEEETnNS_9enable_ifIXntsr8is_arrayIT_EE5valueEiE4typeELi0EEEvPSB_ CODE
 0001:000030a0 00000019H .text$_ZNSt3__14pairIKiNS_12basic_stringIcNS_11char_traitsIcEENS_9allocatorIcEEEEED1Ev CODE
 0001:000030c0 0000001dH .text$_ZNSt3__14pairIKiNS_12basic_stringIcNS_11char_traitsIcEENS_9allocatorIcEEEEED2Ev CODE
 0001:000030e0 00000019H .text$_ZNSt3__112__value_typeIiNS_12basic_stringIcNS_11char_traitsIcEENS_9allocatorIcEEEEE11__get_valueB8ne200100Ev CODE
 0001:00003100 00000019H .text$_ZNSt3__17launderB8ne200100INS_4pairIKiNS_12basic_stringIcNS_11char_traitsIcEENS_9allocatorIcEEEEEEEEPT_SB_ CODE
 0001:00003120 0000000bH .text$_ZNSt3__19__launderB8ne200100INS_4pairIKiNS_12basic_stringIcNS_11char_traitsIcEENS_9allocatorIcEEEEEEEEPT_SB_ CODE
 0001:00003130 0000002eH .text$_ZNSt3__19allocatorINS_11__tree_nodeINS_12__value_typeIiNS_12basic_stringIcNS_11char_traitsIcEENS0_IcEEEEEEPvEEE10deallocateB8ne200100EPSA_y CODE
 0001:00003160 0000005cH .text$_ZNSt3__119__libcpp_deallocateB8ne200100INS_11__tree_nodeINS_12__value_typeIiNS_12basic_stringIcNS_11char_traitsIcEENS_9allocatorIcEEEEEEPvEEEEvPNS_15__type_identityIT_E4typeENS_15__element_countEy CODE
 0001:000031c0 00000011H .text$_ZNSt3__124__is_overaligned_for_newB8ne200100Ey CODE
 0001:000031e0 00000023H .text$_ZNSt3__124__libcpp_operator_deleteB8ne200100IJPNS_11__tree_nodeINS_12__value_typeIiNS_12basic_stringIcNS_11char_traitsIcEENS_9allocatorIcEEEEEEPvEESt11align_val_tEEEvDpT_ CODE
 0001:00003210 00000019H .text$_ZNSt3__124__libcpp_operator_deleteB8ne200100IJPNS_11__tree_nodeINS_12__value_typeIiNS_12basic_stringIcNS_11char_traitsIcEENS_9allocatorIcEEEEEEPvEEEEEvDpT_ CODE
 0001:00003230 0000001dH .text$_ZNKSt3__16__treeINS_12__value_typeIiNS_12basic_stringIcNS_11char_traitsIcEENS_9allocatorIcEEEEEENS_19__map_value_compareIiS8_NS_4lessIiEELb1EEENS5_IS8_EEE10__end_nodeB8ne200100Ev CODE
 0001:00003250 00000047H .text$_ZN6System11AnsiStringTILt0EEC2EPKc CODE
 0001:000032a0 0000002cH .text$_ZN6System11AnsiStringTILt0EE4swapERS1_ CODE
 0001:000032d0 00000526H .text                   CODE
 0001:00003800 0000003cH .text$_ZNK6System11AnsiStringTILt0EE5c_strEv CODE
 0001:00003840 00000080H .text$_ZNSt3__13mapIiNS_12basic_stringIcNS_11char_traitsIcEENS_9allocatorIcEEEENS_4lessIiEENS4_INS_4pairIKiS6_EEEEEixERSA_ CODE
 0001:000038c0 00000023H .text$_ZNSt3__112basic_stringIcNS_11char_traitsIcEENS_9allocatorIcEEEaSB8ne200100EPKc CODE
 0001:000038f0 000000f9H .text$_ZNK6System11AnsiStringTILt0EE9SubStringEii CODE
 0001:000039f0 00000096H .text$_ZN6System11AnsiStringTILt0EEaSINSt3__112basic_stringIcNS3_11char_traitsIcEENS3_9allocatorIcEEEETnPNS3_9enable_ifIXaaaaaaaaaaaaoooooosr3std14is_convertibleIRKT_NS3_17basic_string_viewIcS6_EEEE5valuesr3std14is_convertibleISD_NSE_IwNS5_IwEEEEEE5valuesr3std14is_convertibleISD_NSE_IDsNS5_IDsEEEEEE5valuesr3std14is_convertibleISD_NSE_IDiNS5_IDiEEEEEE5valuentsr3std14is_convertibleISD_PKcEE5valuentsr3std14is_convertibleISD_PKwEE5valuentsr3std14is_convertibleISD_PKDsEE5valuentsr3std14is_convertibleISD_PKDiEE5valuentsr3std14is_convertibleISD_RKNS_13UnicodeStringEEE5valuentsr3std14is_convertibleISD_RKNS_11SmallStringILh255EEEEE5valueEvE4typeELPv0EEERS1_SD_ CODE
 0001:00003a90 00000153H .text$_ZNSt3__16__treeINS_12__value_typeIiNS_12basic_stringIcNS_11char_traitsIcEENS_9allocatorIcEEEEEENS_19__map_value_compareIiS8_NS_4lessIiEELb1EEENS5_IS8_EEE25__emplace_unique_key_argsIiJRKNS_21piecewise_construct_tENS_5tupleIJRKiEEENSJ_IJEEEEEENS_4pairINS_15__tree_iteratorIS8_PNS_11__tree_nodeIS8_PvEExEEbEERKT_DpOT0_ CODE
 0001:00003bf0 00000022H .text$_ZNSt3__116forward_as_tupleB8ne200100IJRKiEEENS_5tupleIJDpOT_EEES6_ CODE
 0001:00003c20 00000007H .text$_ZNSt3__116forward_as_tupleB8ne200100IJEEENS_5tupleIJDpOT_EEES4_ CODE
 0001:00003c30 00000025H .text$_ZNKSt3__115__tree_iteratorINS_12__value_typeIiNS_12basic_stringIcNS_11char_traitsIcEENS_9allocatorIcEEEEEEPNS_11__tree_nodeIS8_PvEExEptB8ne200100Ev CODE
 0001:00003c60 0000016dH .text$_ZNSt3__16__treeINS_12__value_typeIiNS_12basic_stringIcNS_11char_traitsIcEENS_9allocatorIcEEEEEENS_19__map_value_compareIiS8_NS_4lessIiEELb1EEENS5_IS8_EEE12__find_equalIiEERPNS_16__tree_node_baseIPvEERPNS_15__tree_end_nodeISJ_EERKT_ CODE
 0001:00003dd0 00000160H .text$_ZNSt3__16__treeINS_12__value_typeIiNS_12basic_stringIcNS_11char_traitsIcEENS_9allocatorIcEEEEEENS_19__map_value_compareIiS8_NS_4lessIiEELb1EEENS5_IS8_EEE16__construct_nodeIJRKNS_21piecewise_construct_tENS_5tupleIJRKiEEENSJ_IJEEEEEENS_10unique_ptrINS_11__tree_nodeIS8_PvEENS_22__tree_node_destructorINS5_ISR_EEEEEEDpOT_ CODE
 0001:00003f30 000000beH .text$_ZNSt3__16__treeINS_12__value_typeIiNS_12basic_stringIcNS_11char_traitsIcEENS_9allocatorIcEEEEEENS_19__map_value_compareIiS8_NS_4lessIiEELb1EEENS5_IS8_EEE16__insert_node_atEPNS_15__tree_end_nodeIPNS_16__tree_node_baseIPvEEEERSJ_SJ_ CODE
 0001:00003ff0 0000000eH .text$_ZNKSt3__110unique_ptrINS_11__tree_nodeINS_12__value_typeIiNS_12basic_stringIcNS_11char_traitsIcEENS_9allocatorIcEEEEEEPvEENS_22__tree_node_destructorINS6_ISB_EEEEE3getB8ne200100Ev CODE
 0001:00004000 00000025H .text$_ZNSt3__110unique_ptrINS_11__tree_nodeINS_12__value_typeIiNS_12basic_stringIcNS_11char_traitsIcEENS_9allocatorIcEEEEEEPvEENS_22__tree_node_destructorINS6_ISB_EEEEE7releaseB8ne200100Ev CODE
 0001:00004030 00000019H .text$_ZNSt3__110unique_ptrINS_11__tree_nodeINS_12__value_typeIiNS_12basic_stringIcNS_11char_traitsIcEENS_9allocatorIcEEEEEEPvEENS_22__tree_node_destructorINS6_ISB_EEEEED1B8ne200100Ev CODE
 0001:00004050 00000023H .text$_ZNSt3__115__tree_iteratorINS_12__value_typeIiNS_12basic_stringIcNS_11char_traitsIcEENS_9allocatorIcEEEEEEPNS_11__tree_nodeIS8_PvEExEC1B8ne200100ESC_ CODE
 0001:00004080 0000002dH .text$_ZNSt3__14pairINS_15__tree_iteratorINS_12__value_typeIiNS_12basic_stringIcNS_11char_traitsIcEENS_9allocatorIcEEEEEEPNS_11__tree_nodeIS9_PvEExEEbEC1B8ne200100ISE_RbTnNS_9enable_ifIXclsr10_CheckArgsE23__is_pair_constructibleIT_T0_EEEiE4typeELi0EEEOSJ_OSK_ CODE
 0001:000040b0 00000019H .text$_ZNKSt3__16__treeINS_12__value_typeIiNS_12basic_stringIcNS_11char_traitsIcEENS_9allocatorIcEEEEEENS_19__map_value_compareIiS8_NS_4lessIiEELb1EEENS5_IS8_EEE10__root_ptrB8ne200100Ev CODE
 0001:000040d0 0000000bH .text$_ZNSt3__16__treeINS_12__value_typeIiNS_12basic_stringIcNS_11char_traitsIcEENS_9allocatorIcEEEEEENS_19__map_value_compareIiS8_NS_4lessIiEELb1EEENS5_IS8_EEE10value_compB8ne200100Ev CODE
 0001:000040e0 0000004aH .text$_ZNKSt3__119__map_value_compareIiNS_12__value_typeIiNS_12basic_stringIcNS_11char_traitsIcEENS_9allocatorIcEEEEEENS_4lessIiEELb1EEclB8ne200100ERKiRKS8_ CODE
 0001:00004130 00000040H .text$_ZNKSt3__119__map_value_compareIiNS_12__value_typeIiNS_12basic_stringIcNS_11char_traitsIcEENS_9allocatorIcEEEEEENS_4lessIiEELb1EEclB8ne200100ERKS8_RKi CODE
 0001:00004170 00000029H .text$_ZNKSt3__14lessIiEclB8ne200100ERKiS3_ CODE
 0001:000041a0 00000019H .text$_ZNKSt3__112__value_typeIiNS_12basic_stringIcNS_11char_traitsIcEENS_9allocatorIcEEEEE11__get_valueB8ne200100Ev CODE
 0001:000041c0 00000019H .text$_ZNSt3__17launderB8ne200100IKNS_4pairIKiNS_12basic_stringIcNS_11char_traitsIcEENS_9allocatorIcEEEEEEEEPT_SC_ CODE
 0001:000041e0 0000000bH .text$_ZNSt3__19__launderB8ne200100IKNS_4pairIKiNS_12basic_stringIcNS_11char_traitsIcEENS_9allocatorIcEEEEEEEEPT_SC_ CODE
 0001:000041f0 00000023H .text$_ZNSt3__116allocator_traitsINS_9allocatorINS_11__tree_nodeINS_12__value_typeIiNS_12basic_stringIcNS_11char_traitsIcEENS1_IcEEEEEEPvEEEEE8allocateB8ne200100ERSC_y CODE
 0001:00004220 00000035H .text$_ZNSt3__122__tree_node_destructorINS_9allocatorINS_11__tree_nodeINS_12__value_typeIiNS_12basic_stringIcNS_11char_traitsIcEENS1_IcEEEEEEPvEEEEEC1B8ne200100ERSC_b CODE
 0001:00004260 0000002dH .text$_ZNSt3__110unique_ptrINS_11__tree_nodeINS_12__value_typeIiNS_12basic_stringIcNS_11char_traitsIcEENS_9allocatorIcEEEEEEPvEENS_22__tree_node_destructorINS6_ISB_EEEEEC1B8ne200100ILb1EvEEPSB_NS_16__dependent_typeINS_27__unique_ptr_deleter_sfinaeISE_EEXT_EE20__good_rval_ref_typeE CODE
 0001:00004290 0000003cH .text$_ZNSt3__116allocator_traitsINS_9allocatorINS_11__tree_nodeINS_12__value_typeIiNS_12basic_stringIcNS_11char_traitsIcEENS1_IcEEEEEEPvEEEEE9constructB8ne200100INS_4pairIKiS8_EEJRKNS_21piecewise_construct_tENS_5tupleIJRSG_EEENSL_IJEEEEvTnNS_9enable_ifIXntsr15__has_constructISC_PT_DpT0_EE5valueEiE4typeELi0EEEvRSC_SR_DpOSS_ CODE
 0001:000042d0 0000000eH .text$_ZNKSt3__110unique_ptrINS_11__tree_nodeINS_12__value_typeIiNS_12basic_stringIcNS_11char_traitsIcEENS_9allocatorIcEEEEEEPvEENS_22__tree_node_destructorINS6_ISB_EEEEEptB8ne200100Ev CODE
 0001:000042e0 0000000fH .text$_ZNSt3__110unique_ptrINS_11__tree_nodeINS_12__value_typeIiNS_12basic_stringIcNS_11char_traitsIcEENS_9allocatorIcEEEEEEPvEENS_22__tree_node_destructorINS6_ISB_EEEEE11get_deleterB8ne200100Ev CODE
 0001:000042f0 00000049H .text$_ZNSt3__19allocatorINS_11__tree_nodeINS_12__value_typeIiNS_12basic_stringIcNS_11char_traitsIcEENS0_IcEEEEEEPvEEE8allocateB8ne200100Ey CODE
 0001:00004340 00000017H .text$_ZNSt3__116allocator_traitsINS_9allocatorINS_11__tree_nodeINS_12__value_typeIiNS_12basic_stringIcNS_11char_traitsIcEENS1_IcEEEEEEPvEEEEE8max_sizeB8ne200100ISC_vTnNS_9enable_ifIXntsr14__has_max_sizeIKT_EE5valueEiE4typeELi0EEEyRKSC_ CODE
 0001:00004360 00000034H .text$_ZSt28__throw_bad_array_new_lengthB8ne200100v CODE
 0001:000043a0 00000065H .text$_ZNSt3__117__libcpp_allocateB8ne200100INS_11__tree_nodeINS_12__value_typeIiNS_12basic_stringIcNS_11char_traitsIcEENS_9allocatorIcEEEEEEPvEEEEPT_NS_15__element_countEy CODE
 0001:00004410 0000000fH .text$_ZNSt3__114numeric_limitsIyE3maxB8ne200100Ev CODE
 0001:00004420 00000008H .text$_ZNSt3__123__libcpp_numeric_limitsIyLb1EE3maxB8ne200100Ev CODE
 0001:00004430 00000023H .text$_ZNSt3__121__libcpp_operator_newB8ne200100IJySt11align_val_tEEEPvDpT_ CODE
 0001:00004460 00000019H .text$_ZNSt3__121__libcpp_operator_newB8ne200100IJyEEEPvDpT_ CODE
 0001:00004480 00000033H .text$_ZNSt3__122__tree_node_destructorINS_9allocatorINS_11__tree_nodeINS_12__value_typeIiNS_12basic_stringIcNS_11char_traitsIcEENS1_IcEEEEEEPvEEEEEC2B8ne200100ERSC_b CODE
 0001:000044c0 00000043H .text$_ZNSt3__110unique_ptrINS_11__tree_nodeINS_12__value_typeIiNS_12basic_stringIcNS_11char_traitsIcEENS_9allocatorIcEEEEEEPvEENS_22__tree_node_destructorINS6_ISB_EEEEEC2B8ne200100ILb1EvEEPSB_NS_16__dependent_typeINS_27__unique_ptr_deleter_sfinaeISE_EEXT_EE20__good_rval_ref_typeE CODE
 0001:00004510 00000019H .text$_ZNSt3__125__compressed_pair_paddingINS_22__tree_node_destructorINS_9allocatorINS_11__tree_nodeINS_12__value_typeIiNS_12basic_stringIcNS_11char_traitsIcEENS2_IcEEEEEEPvEEEEEELb0EEC1Ev CODE
 0001:00004530 0000003dH .text$_ZNSt3__125__compressed_pair_paddingINS_22__tree_node_destructorINS_9allocatorINS_11__tree_nodeINS_12__value_typeIiNS_12basic_stringIcNS_11char_traitsIcEENS2_IcEEEEEEPvEEEEEELb0EEC2Ev CODE
 0001:00004570 00000037H .text$_ZNSt3__114__construct_atB8ne200100INS_4pairIKiNS_12basic_stringIcNS_11char_traitsIcEENS_9allocatorIcEEEEEEJRKNS_21piecewise_construct_tENS_5tupleIJRS2_EEENSD_IJEEEEPS9_EEPT_SJ_DpOT0_ CODE
 0001:000045b0 0000004cH .text$_ZNSt3__112construct_atB8ne200100INS_4pairIKiNS_12basic_stringIcNS_11char_traitsIcEENS_9allocatorIcEEEEEEJRKNS_21piecewise_construct_tENS_5tupleIJRS2_EEENSD_IJEEEEPS9_EEPT_SJ_DpOT0_ CODE
 0001:00004600 00000054H .text$_ZNSt3__14pairIKiNS_12basic_stringIcNS_11char_traitsIcEENS_9allocatorIcEEEEEC1B8ne200100IJRS1_EJEEENS_21piecewise_construct_tENS_5tupleIJDpT_EEENSC_IJDpT0_EEE CODE
 0001:00004660 00000061H .text$_ZNSt3__14pairIKiNS_12basic_stringIcNS_11char_traitsIcEENS_9allocatorIcEEEEEC1B8ne200100IJRS1_EJEJLy0EETpTnyJEEENS_21piecewise_construct_tERNS_5tupleIJDpT_EEERNSC_IJDpT0_EEENS_15__tuple_indicesIJXspT1_EEEENSL_IJXspT2_EEEE CODE
 0001:000046d0 00000057H .text$_ZNSt3__14pairIKiNS_12basic_stringIcNS_11char_traitsIcEENS_9allocatorIcEEEEEC2B8ne200100IJRS1_EJEJLy0EETpTnyJEEENS_21piecewise_construct_tERNS_5tupleIJDpT_EEERNSC_IJDpT0_EEENS_15__tuple_indicesIJXspT1_EEEENSL_IJXspT2_EEEE CODE
 0001:00004730 00000019H .text$_ZNSt3__13getB8ne200100ILy0EJRKiEEERNS_13tuple_elementIXT_ENS_5tupleIJDpT0_EEEE4typeERS7_ CODE
 0001:00004750 00000019H .text$_ZNSt3__112basic_stringIcNS_11char_traitsIcEENS_9allocatorIcEEEC1B8ne200100Ev CODE
 0001:00004770 0000000eH .text$_ZNSt3__112__tuple_leafILy0ERKiLb0EE3getB8ne200100Ev CODE
 0001:00004780 0000003eH .text$_ZNSt3__112basic_stringIcNS_11char_traitsIcEENS_9allocatorIcEEEC2B8ne200100Ev CODE
 0001:000047c0 00000019H .text$_ZNSt3__19allocatorIcEC1B8ne200100Ev CODE
 0001:000047e0 00000012H .text$_ZNKSt3__112basic_stringIcNS_11char_traitsIcEENS_9allocatorIcEEE14__annotate_newB8ne200100Ey CODE
 0001:00004800 00000019H .text$_ZNSt3__19allocatorIcEC2B8ne200100Ev CODE
 0001:00004820 00000007H .text$_ZNSt3__116__non_trivial_ifILb1ENS_9allocatorIcEEEC2B8ne200100Ev CODE
 0001:00004830 000003d9H .text$_ZNSt3__127__tree_balance_after_insertB8ne200100IPNS_16__tree_node_baseIPvEEEEvT_S5_ CODE
 0001:00004c10 0000000fH .text$_ZNSt3__16__treeINS_12__value_typeIiNS_12basic_stringIcNS_11char_traitsIcEENS_9allocatorIcEEEEEENS_19__map_value_compareIiS8_NS_4lessIiEELb1EEENS5_IS8_EEE4sizeB8ne200100Ev CODE
 0001:00004c20 0000000fH .text$_ZNKSt3__116__tree_node_baseIPvE15__parent_unsafeB8ne200100Ev CODE
 0001:00004c30 0000001bH .text$_ZNSt3__120__tree_is_left_childB8ne200100IPNS_16__tree_node_baseIPvEEEEbT_ CODE
 0001:00004c50 000000c4H .text$_ZNSt3__118__tree_left_rotateB8ne200100IPNS_16__tree_node_baseIPvEEEEvT_ CODE
 0001:00004d20 000000b9H .text$_ZNSt3__119__tree_right_rotateB8ne200100IPNS_16__tree_node_baseIPvEEEEvT_ CODE
 0001:00004de0 0000001fH .text$_ZNSt3__116__tree_node_baseIPvE12__set_parentB8ne200100EPS2_ CODE
 0001:00004e00 0000001dH .text$_ZNSt3__110unique_ptrINS_11__tree_nodeINS_12__value_typeIiNS_12basic_stringIcNS_11char_traitsIcEENS_9allocatorIcEEEEEEPvEENS_22__tree_node_destructorINS6_ISB_EEEEED2B8ne200100Ev CODE
 0001:00004e20 00000049H .text$_ZNSt3__110unique_ptrINS_11__tree_nodeINS_12__value_typeIiNS_12basic_stringIcNS_11char_traitsIcEENS_9allocatorIcEEEEEEPvEENS_22__tree_node_destructorINS6_ISB_EEEEE5resetB8ne200100EPSB_ CODE
 0001:00004e70 00000082H .text$_ZNSt3__122__tree_node_destructorINS_9allocatorINS_11__tree_nodeINS_12__value_typeIiNS_12basic_stringIcNS_11char_traitsIcEENS1_IcEEEEEEPvEEEEEclB8ne200100EPSB_ CODE
 0001:00004f00 0000001eH .text$_ZNSt3__115__tree_iteratorINS_12__value_typeIiNS_12basic_stringIcNS_11char_traitsIcEENS_9allocatorIcEEEEEEPNS_11__tree_nodeIS8_PvEExEC2B8ne200100ESC_ CODE
 0001:00004f20 00000033H .text$_ZNSt3__14pairINS_15__tree_iteratorINS_12__value_typeIiNS_12basic_stringIcNS_11char_traitsIcEENS_9allocatorIcEEEEEEPNS_11__tree_nodeIS9_PvEExEEbEC2B8ne200100ISE_RbTnNS_9enable_ifIXclsr10_CheckArgsE23__is_pair_constructibleIT_T0_EEEiE4typeELi0EEEOSJ_OSK_ CODE
 0001:00004f60 00000023H .text$_ZNSt3__15tupleIJRKiEEC1B8ne200100INS_4_AndETnNS_9enable_ifIXsrT_IJNS_17integral_constantIbLb1EEENS_21is_copy_constructibleIS2_EEEE5valueEiE4typeELi0EEES2_ CODE
 0001:00004f90 00000040H .text$_ZNSt3__15tupleIJRKiEEC2B8ne200100INS_4_AndETnNS_9enable_ifIXsrT_IJNS_17integral_constantIbLb1EEENS_21is_copy_constructibleIS2_EEEE5valueEiE4typeELi0EEES2_ CODE
 0001:00004fd0 00000056H .text$_ZNSt3__112__tuple_implINS_15__tuple_indicesIJLy0EEEEJRKiEEC1B8ne200100IJLy0EEJS4_ETpTnyJEJEJS4_EEENS1_IJXspT_EEEENS_13__tuple_typesIJDpT0_EEENS1_IJXspT1_EEEENS8_IJDpT2_EEEDpOT3_ CODE
 0001:00005030 00000039H .text$_ZNSt3__112__tuple_implINS_15__tuple_indicesIJLy0EEEEJRKiEEC2B8ne200100IJLy0EEJS4_ETpTnyJEJEJS4_EEENS1_IJXspT_EEEENS_13__tuple_typesIJDpT0_EEENS1_IJXspT1_EEEENS8_IJDpT2_EEEDpOT3_ CODE
 0001:00005070 0000001eH .text$_ZNSt3__112__tuple_leafILy0ERKiLb0EEC2B8ne200100IS2_TnNS_9enable_ifIXsr4_AndINS_17integral_constantIbXntu9__is_sameu14__remove_cvrefIT_ES3_EEEENS_16is_constructibleIS2_JS7_EEEEE5valueEiE4typeELi0EEEOS7_ CODE
 0001:00005090 0000000bH .text$_ZNSt3__114pointer_traitsIPNS_12__value_typeIiNS_12basic_stringIcNS_11char_traitsIcEENS_9allocatorIcEEEEEEE10pointer_toB8ne200100ERS8_ CODE
 0001:000050a0 0000000eH .text$_ZNKSt3__115__tree_iteratorINS_12__value_typeIiNS_12basic_stringIcNS_11char_traitsIcEENS_9allocatorIcEEEEEEPNS_11__tree_nodeIS8_PvEExE8__get_npB8ne200100Ev CODE
 0001:000050b0 00000030H .text$_ZN6System14AnsiStringBaseC1Ev CODE
 0001:000050e0 00000044H .text$_ZN6System11AnsiStringTILt0EEC1EONS_14AnsiStringBaseE CODE
 0001:00005130 00000065H .text$_ZN6System11AnsiStringTILt0EEC2EONS_14AnsiStringBaseE CODE
 0001:000051a0 00000059H .text$_ZNKSt3__112basic_stringIcNS_11char_traitsIcEENS_9allocatorIcEEEcvNS_17basic_string_viewIcS2_EEB8ne200100Ev CODE
 0001:00005200 00000069H .text$_ZN6System11AnsiStringTILt0EEC1IcEENSt3__117basic_string_viewIT_NS3_11char_traitsIS5_EEEE CODE
 0001:00005270 0000002cH .text$_ZN6System11AnsiStringTILt0EEaSERKS1_ CODE
 0001:000052a0 00000021H .text$_ZNKSt3__112basic_stringIcNS_11char_traitsIcEENS_9allocatorIcEEE4dataB8ne200100Ev CODE
 0001:000052d0 00000048H .text$_ZNKSt3__112basic_stringIcNS_11char_traitsIcEENS_9allocatorIcEEE4sizeB8ne200100Ev CODE
 0001:00005320 00000035H .text$_ZNSt3__117basic_string_viewIcNS_11char_traitsIcEEEC1B8ne200100ENS3_14__assume_validEPKcy CODE
 0001:00005360 0000000bH .text$_ZNSt3__112__to_addressB8ne200100IKcEEPT_S3_ CODE
 0001:00005370 00000048H .text$_ZNKSt3__112basic_stringIcNS_11char_traitsIcEENS_9allocatorIcEEE13__get_pointerB8ne200100Ev CODE
 0001:000053c0 00000016H .text$_ZNKSt3__112basic_stringIcNS_11char_traitsIcEENS_9allocatorIcEEE9__is_longB8ne200100Ev CODE
 0001:000053e0 0000000fH .text$_ZNKSt3__112basic_stringIcNS_11char_traitsIcEENS_9allocatorIcEEE18__get_long_pointerB8ne200100Ev CODE
 0001:000053f0 0000001dH .text$_ZNKSt3__112basic_stringIcNS_11char_traitsIcEENS_9allocatorIcEEE19__get_short_pointerB8ne200100Ev CODE
 0001:00005410 0000000bH .text$_ZNSt3__114pointer_traitsIPKcE10pointer_toB8ne200100ERS1_ CODE
 0001:00005420 0000000fH .text$_ZNKSt3__112basic_stringIcNS_11char_traitsIcEENS_9allocatorIcEEE15__get_long_sizeB8ne200100Ev CODE
 0001:00005430 00000012H .text$_ZNKSt3__112basic_stringIcNS_11char_traitsIcEENS_9allocatorIcEEE16__get_short_sizeB8ne200100Ev CODE
 0001:00005450 00000030H .text$_ZNSt3__117basic_string_viewIcNS_11char_traitsIcEEEC2B8ne200100ENS3_14__assume_validEPKcy CODE
 0001:00005480 0000000eH .text$_ZNKSt3__117basic_string_viewIcNS_11char_traitsIcEEE4dataB8ne200100Ev CODE
 0001:00005490 0000000fH .text$_ZNKSt3__117basic_string_viewIcNS_11char_traitsIcEEE4sizeB8ne200100Ev CODE
 0001:000054a0 00000056H .text$_ZN6System11AnsiStringTILt0EEC1EPKci CODE
 0001:00005500 00000059H .text$_ZN6System11AnsiStringTILt0EEC2EPKci CODE
 0001:00005560 00002456H .text                   CODE
 0001:000079c0 0000006dH .text$_ZN3Vcl5Forms5TFormC3EPN6System7Classes10TComponentE CODE
 0001:00007a30 000000d5H .text$_ZNSt3__114basic_ofstreamIcNS_11char_traitsIcEEEC1Ev CODE
 0001:00007b10 00000019H .text$_ZN14MessageManagerC1Ev CODE
 0001:00007b30 00000036H .text$_ZNSt3__114basic_ofstreamIcNS_11char_traitsIcEEED1Ev CODE
 0001:00007b70 00000048H .text$_ZN3Vcl5Forms5TFormD0Ev CODE
 0001:00007bc0 0000006bH .text$_ZNSt3__114basic_ofstreamIcNS_11char_traitsIcEEE4openEPKcj CODE
 0001:00007c30 0000001eH .text$_ZNKSt3__114basic_ofstreamIcNS_11char_traitsIcEEE7is_openEv CODE
 0001:00007c50 0000003eH .text$_ZNSt3__114basic_ofstreamIcNS_11char_traitsIcEEE5closeEv CODE
 0001:00007c90 0000003dH .text$_ZNK6System13UnicodeString5c_strEv CODE
 0001:00007cd0 00000035H .text$_ZN6SystemlsERNSt3__113basic_ostreamIcNS0_11char_traitsIcEEEERKNS_11AnsiStringTILt0EEE CODE
 0001:00007d10 0000001dH .text$_ZNSt3__113basic_ostreamIcNS_11char_traitsIcEEElsB8ne200100EPFRS3_S4_E CODE
 0001:00007d30 00000049H .text$_ZNSt3__14endlB8ne200100IcNS_11char_traitsIcEEEERNS_13basic_ostreamIT_T0_EES7_ CODE
 0001:00007d80 0000006aH .text$_ZN16TClipboardServerD0Ev CODE
 0001:00007df0 00000077H .text$_ZN3Vcl5Forms5TFormC3EPN6System7Classes10TComponentEi CODE
 0001:00007e70 00000089H .text$_ZN3Vcl5Forms5TFormC3EPN6System7Classes10TComponentEii CODE
 0001:00007f00 00000149H .text$_ZN14MessageManagerC2Ev CODE
 0001:00008050 0000008bH .text$_ZNK6System11AnsiStringTILt0EEplERKS1_ CODE
 0001:000080e0 0000003aH .text$_ZN7MessageD2Ev   CODE
 0001:00008120 00000059H .text$_ZNSt3__114basic_ofstreamIcNS_11char_traitsIcEEED2Ev CODE
 0001:00008180 00000019H .text$_ZTv0_n24_NSt3__114basic_ofstreamIcNS_11char_traitsIcEEED1Ev CODE
 0001:000081a0 00000028H .text$_ZNSt3__114basic_ofstreamIcNS_11char_traitsIcEEED0Ev CODE
 0001:000081d0 00000019H .text$_ZTv0_n24_NSt3__114basic_ofstreamIcNS_11char_traitsIcEEED0Ev CODE
 0001:000081f0 00000019H .text$_ZNSt3__113basic_filebufIcNS_11char_traitsIcEEED1Ev CODE
 0001:00008210 000000bcH .text$_ZNSt3__113basic_filebufIcNS_11char_traitsIcEEED2Ev CODE
 0001:000082d0 000000fbH .text$_ZNSt3__113basic_filebufIcNS_11char_traitsIcEEE5closeEv CODE
 0001:000083d0 00000028H .text$_ZNSt3__113basic_filebufIcNS_11char_traitsIcEEED0Ev CODE
 0001:00008400 000001a9H .text$_ZNSt3__113basic_filebufIcNS_11char_traitsIcEEE5imbueERKNS_6localeE CODE
 0001:000085b0 000001dcH .text$_ZNSt3__113basic_filebufIcNS_11char_traitsIcEEE6setbufEPcx CODE
 0001:00008790 000001b5H .text$_ZNSt3__113basic_filebufIcNS_11char_traitsIcEEE7seekoffExNS_8ios_base7seekdirEj CODE
 0001:00008950 000000e7H .text$_ZNSt3__113basic_filebufIcNS_11char_traitsIcEEE7seekposENS_4fposI9_MbstatetEEj CODE
 0001:00008a40 0000046cH .text$_ZNSt3__113basic_filebufIcNS_11char_traitsIcEEE4syncEv CODE
 0001:00008eb0 00000631H .text$_ZNSt3__113basic_filebufIcNS_11char_traitsIcEEE9underflowEv CODE
 0001:000094f0 0000010eH .text$_ZNSt3__113basic_filebufIcNS_11char_traitsIcEEE9pbackfailEi CODE
 0001:00009600 00000492H .text$_ZNSt3__113basic_filebufIcNS_11char_traitsIcEEE8overflowEi CODE
 0001:00009aa0 0000002dH .text$_ZNSt3__110unique_ptrI6_iobufPFiPS1_EEC1B8ne200100ILb1EvEES2_NS_16__dependent_typeINS_27__unique_ptr_deleter_sfinaeIS4_EEXT_EE20__good_rval_ref_typeE CODE
 0001:00009ad0 00000025H .text$_ZNSt3__110unique_ptrI6_iobufPFiPS1_EE7releaseB8ne200100Ev CODE
 0001:00009b00 00000019H .text$_ZNSt3__110unique_ptrI6_iobufPFiPS1_EED1B8ne200100Ev CODE
 0001:00009b20 0000002fH .text$_ZNSt3__110unique_ptrI6_iobufPFiPS1_EEC2B8ne200100ILb1EvEES2_NS_16__dependent_typeINS_27__unique_ptr_deleter_sfinaeIS4_EEXT_EE20__good_rval_ref_typeE CODE
 0001:00009b50 0000001dH .text$_ZNSt3__110unique_ptrI6_iobufPFiPS1_EED2B8ne200100Ev CODE
 0001:00009b70 00000052H .text$_ZNSt3__110unique_ptrI6_iobufPFiPS1_EE5resetB8ne200100ES2_ CODE
 0001:00009bd0 00000020H .text$_ZNSt3__19use_facetB8ne200100INS_7codecvtIcc9_MbstatetEEEERKT_RKNS_6localeE CODE
 0001:00009bf0 0000001bH .text$_ZNKSt3__17codecvtIcc9_MbstatetE13always_noconvB8ne200100Ev CODE
 0001:00009c10 0000003bH .text$_ZNSt3__115basic_streambufIcNS_11char_traitsIcEEE4setgB8ne200100EPcS4_S4_ CODE
 0001:00009c50 00000031H .text$_ZNSt3__115basic_streambufIcNS_11char_traitsIcEEE4setpB8ne200100EPcS4_ CODE
 0001:00009c90 0000007bH .text$_ZNSt3__113basic_filebufIcNS_11char_traitsIcEEE25__request_unbuffered_modeB8ne200100EPcx CODE
 0001:00009d10 00000028H .text$_ZNSt3__13maxB8ne200100IxEERKT_S3_S3_ CODE
 0001:00009d40 0000004dH .text$_ZNSt3__13maxB8ne200100IxNS_6__lessIvvEEEERKT_S5_S5_T0_ CODE
 0001:00009d90 0000002bH .text$_ZNKSt3__16__lessIvvEclB8ne200100IxxEEbRKT_RKT0_ CODE
 0001:00009dc0 00000034H .text$_ZNSt3__116__throw_bad_castB8ne200100Ev CODE
 0001:00009e00 0000001aH .text$_ZNKSt3__17codecvtIcc9_MbstatetE8encodingB8ne200100Ev CODE
 0001:00009e20 00000023H .text$_ZNSt3__14fposI9_MbstatetEC1B8ne200100Ex CODE
 0001:00009e50 00000047H .text$_ZNSt3__113basic_filebufIcNS_11char_traitsIcEEE7__fseekEP6_iobufNS_4fposI9_MbstatetEEi CODE
 0001:00009ea0 0000003cH .text$_ZNSt3__113basic_filebufIcNS_11char_traitsIcEEE7__ftellEP6_iobuf CODE
 0001:00009ee0 0000001eH .text$_ZNSt3__14fposI9_MbstatetE5stateB8ne200100ES1_ CODE
 0001:00009f00 00000038H .text$_ZNSt3__14fposI9_MbstatetEC2B8ne200100Ex CODE
 0001:00009f40 0000000fH .text$_ZNKSt3__14fposI9_MbstatetEcvxB8ne200100Ev CODE
 0001:00009f50 0000001eH .text$_ZNKSt3__14fposI9_MbstatetE5stateB8ne200100Ev CODE
 0001:00009f70 0000000fH .text$_ZNKSt3__115basic_streambufIcNS_11char_traitsIcEEE4pptrB8ne200100Ev CODE
 0001:00009f80 0000000fH .text$_ZNKSt3__115basic_streambufIcNS_11char_traitsIcEEE5pbaseB8ne200100Ev CODE
 0001:00009f90 00000006H .text$_ZNSt3__111char_traitsIcE3eofB8ne200100Ev CODE
 0001:00009fa0 00000047H .text$_ZNKSt3__17codecvtIcc9_MbstatetE7unshiftB8ne200100ERS1_PcS4_RS4_ CODE
 0001:00009ff0 0000000fH .text$_ZNKSt3__115basic_streambufIcNS_11char_traitsIcEEE5egptrB8ne200100Ev CODE
 0001:0000a000 0000000fH .text$_ZNKSt3__115basic_streambufIcNS_11char_traitsIcEEE4gptrB8ne200100Ev CODE
 0001:0000a010 00000047H .text$_ZNKSt3__17codecvtIcc9_MbstatetE6lengthB8ne200100ERS1_PKcS5_y CODE
 0001:0000a060 0000000fH .text$_ZNKSt3__115basic_streambufIcNS_11char_traitsIcEEE5ebackB8ne200100Ev CODE
 0001:0000a070 000000a5H .text$_ZNSt3__113basic_filebufIcNS_11char_traitsIcEEE11__read_modeEv CODE
 0001:0000a120 00000028H .text$_ZNSt3__13minB8ne200100IyEERKT_S3_S3_ CODE
 0001:0000a150 0000000cH .text$_ZNSt3__111char_traitsIcE11to_int_typeB8ne200100Ec CODE
 0001:0000a160 00000090H .text$_ZNKSt3__17codecvtIcc9_MbstatetE2inB8ne200100ERS1_PKcS5_RS5_PcS7_RS7_ CODE
 0001:0000a1f0 0000004dH .text$_ZNSt3__13minB8ne200100IyNS_6__lessIvvEEEERKT_S5_S5_T0_ CODE
 0001:0000a240 0000002bH .text$_ZNKSt3__16__lessIvvEclB8ne200100IyyEEbRKT_RKT0_ CODE
 0001:0000a270 00000016H .text$_ZNSt3__111char_traitsIcE11eq_int_typeB8ne200100Eii CODE
 0001:0000a290 00000029H .text$_ZNSt3__115basic_streambufIcNS_11char_traitsIcEEE5gbumpB8ne200100Ei CODE
 0001:0000a2c0 00000045H .text$_ZNSt3__111char_traitsIcE7not_eofB8ne200100Ei CODE
 0001:0000a310 0000001cH .text$_ZNSt3__111char_traitsIcE2eqEcc CODE
 0001:0000a330 0000000bH .text$_ZNSt3__111char_traitsIcE12to_char_typeB8ne200100Ei CODE
 0001:0000a340 000000b8H .text$_ZNSt3__113basic_filebufIcNS_11char_traitsIcEEE12__write_modeEv CODE
 0001:0000a400 0000000fH .text$_ZNKSt3__115basic_streambufIcNS_11char_traitsIcEEE5epptrB8ne200100Ev CODE
 0001:0000a410 00000029H .text$_ZNSt3__115basic_streambufIcNS_11char_traitsIcEEE5pbumpB8ne200100Ei CODE
 0001:0000a440 00000090H .text$_ZNKSt3__17codecvtIcc9_MbstatetE3outB8ne200100ERS1_PKcS5_RS5_PcS7_RS7_ CODE
 0001:0000a4d0 00000023H .text$_ZNSt3__115basic_streambufIcNS_11char_traitsIcEEE7__pbumpB8ne200100Ex CODE
 0001:0000a500 00000044H .text$_ZNSt3__1lsB8ne200100INS_11char_traitsIcEEEERNS_13basic_ostreamIcT_EES6_PKc CODE
 0001:0000a550 00000230H .text$_ZNSt3__124__put_character_sequenceB8ne200100IcNS_11char_traitsIcEEEERNS_13basic_ostreamIT_T0_EES7_PKS4_y CODE
 0001:0000a780 00000019H .text$_ZNSt3__111char_traitsIcE6lengthB8ne200100EPKc CODE
 0001:0000a7a0 00000023H .text$_ZNSt3__113basic_ostreamIcNS_11char_traitsIcEEE6sentryC1ERS3_ CODE
 0001:0000a7d0 0000000fH .text$_ZNKSt3__113basic_ostreamIcNS_11char_traitsIcEEE6sentrycvbB8ne200100Ev CODE
 0001:0000a7e0 00000274H .text$_ZNSt3__116__pad_and_outputB8ne200100IcNS_11char_traitsIcEEEENS_19ostreambuf_iteratorIT_T0_EES6_PKS4_S8_S8_RNS_8ios_baseES4_ CODE
 0001:0000aa60 00000023H .text$_ZNSt3__119ostreambuf_iteratorIcNS_11char_traitsIcEEEC1B8ne200100ERNS_13basic_ostreamIcS2_EE CODE
 0001:0000aa90 0000000eH .text$_ZNKSt3__18ios_base5flagsB8ne200100Ev CODE
 0001:0000aaa0 0000005dH .text$_ZNKSt3__19basic_iosIcNS_11char_traitsIcEEE4fillB8ne200100Ev CODE
 0001:0000ab00 00000014H .text$_ZNKSt3__119ostreambuf_iteratorIcNS_11char_traitsIcEEE6failedB8ne200100Ev CODE
 0001:0000ab20 00000021H .text$_ZNSt3__19basic_iosIcNS_11char_traitsIcEEE8setstateB8ne200100Ej CODE
 0001:0000ab50 00000019H .text$_ZNSt3__113basic_ostreamIcNS_11char_traitsIcEEE6sentryD1Ev CODE
 0001:0000ab70 00000078H .text$_ZNSt3__113basic_ostreamIcNS_11char_traitsIcEEE6sentryC2ERS3_ CODE
 0001:0000abf0 0000001aH .text$_ZNKSt3__19basic_iosIcNS_11char_traitsIcEEE4goodB8ne200100Ev CODE
 0001:0000ac10 00000012H .text$_ZNKSt3__19basic_iosIcNS_11char_traitsIcEEE3tieB8ne200100Ev CODE
 0001:0000ac30 00000014H .text$_ZNKSt3__18ios_base4goodB8ne200100Ev CODE
 0001:0000ac50 0000000fH .text$_ZNKSt3__18ios_base5widthB8ne200100Ev CODE
 0001:0000ac60 0000002eH .text$_ZNSt3__115basic_streambufIcNS_11char_traitsIcEEE5sputnB8ne200100EPKcx CODE
 0001:0000ac90 0000002dH .text$_ZNSt3__112basic_stringIcNS_11char_traitsIcEENS_9allocatorIcEEEC1B8ne200100Eyc CODE
 0001:0000acc0 00000021H .text$_ZNSt3__112basic_stringIcNS_11char_traitsIcEENS_9allocatorIcEEE4dataB8ne200100Ev CODE
 0001:0000acf0 0000002dH .text$_ZNSt3__18ios_base5widthB8ne200100Ex CODE
 0001:0000ad20 0000003cH .text$_ZNSt3__112basic_stringIcNS_11char_traitsIcEENS_9allocatorIcEEEC2B8ne200100Eyc CODE
 0001:0000ad60 0000000bH .text$_ZNSt3__112__to_addressB8ne200100IcEEPT_S2_ CODE
 0001:0000ad70 00000048H .text$_ZNSt3__112basic_stringIcNS_11char_traitsIcEENS_9allocatorIcEEE13__get_pointerB8ne200100Ev CODE
 0001:0000adc0 0000000fH .text$_ZNSt3__112basic_stringIcNS_11char_traitsIcEENS_9allocatorIcEEE18__get_long_pointerB8ne200100Ev CODE
 0001:0000add0 0000001dH .text$_ZNSt3__112basic_stringIcNS_11char_traitsIcEENS_9allocatorIcEEE19__get_short_pointerB8ne200100Ev CODE
 0001:0000adf0 0000000bH .text$_ZNSt3__114pointer_traitsIPcE10pointer_toB8ne200100ERc CODE
 0001:0000ae00 0000004eH .text$_ZNSt3__119ostreambuf_iteratorIcNS_11char_traitsIcEEEC2B8ne200100ERNS_13basic_ostreamIcS2_EE CODE
 0001:0000ae50 00000019H .text$_ZNKSt3__19basic_iosIcNS_11char_traitsIcEEE5rdbufB8ne200100Ev CODE
 0001:0000ae70 0000000fH .text$_ZNKSt3__18ios_base5rdbufB8ne200100Ev CODE
 0001:0000ae80 0000002bH .text$_ZNKSt3__118_SentinelValueFillINS_11char_traitsIcEEE8__is_setB8ne200100Ev CODE
 0001:0000aeb0 0000007cH .text$_ZNKSt3__19basic_iosIcNS_11char_traitsIcEEE5widenB8ne200100Ec CODE
 0001:0000af30 0000001dH .text$_ZNSt3__118_SentinelValueFillINS_11char_traitsIcEEEaSB8ne200100Ei CODE
 0001:0000af50 0000000dH .text$_ZNKSt3__118_SentinelValueFillINS_11char_traitsIcEEE5__getB8ne200100Ev CODE
 0001:0000af60 00000020H .text$_ZNSt3__19use_facetB8ne200100INS_5ctypeIcEEEERKT_RKNS_6localeE CODE
 0001:0000af80 00000022H .text$_ZNKSt3__15ctypeIcE5widenB8ne200100Ec CODE
 0001:0000afb0 00000024H .text$_ZNSt3__18ios_base8setstateB8ne200100Ej CODE
 0001:0000afe0 00000120H .text$_ZNSt3__113basic_ostreamIcNS_11char_traitsIcEEE6sentryD2Ev CODE
 0001:0000b100 0000001aH .text$_ZNSt3__115basic_streambufIcNS_11char_traitsIcEEE7pubsyncB8ne200100Ev CODE
 0001:0000b120 00000019H .text$_ZNSt3__118__constexpr_strlenB8ne200100IcEEyPKT_ CODE
 0001:0000b140 00000030H .text$_ZNSt3__19basic_iosIcNS_11char_traitsIcEEEC2B8ne200100Ev CODE
 0001:0000b170 00000049H .text$_ZNSt3__113basic_ostreamIcNS_11char_traitsIcEEEC2B8ne200100EPNS_15basic_streambufIcS2_EE CODE
 0001:0000b1c0 00000019H .text$_ZNSt3__113basic_filebufIcNS_11char_traitsIcEEEC1Ev CODE
 0001:0000b1e0 00000021H .text$_ZNSt3__18ios_baseC2B8ne200100Ev CODE
 0001:0000b210 00000044H .text$_ZNSt3__19basic_iosIcNS_11char_traitsIcEEE4initB8ne200100EPNS_15basic_streambufIcS2_EE CODE
 0001:0000b260 00000026H .text$_ZNSt3__118_SentinelValueFillINS_11char_traitsIcEEE6__initB8ne200100Ev CODE
 0001:0000b290 00000196H .text$_ZNSt3__113basic_filebufIcNS_11char_traitsIcEEEC2Ev CODE
 0001:0000b430 00000034H .text$_ZNSt3__19has_facetB8ne200100INS_7codecvtIcc9_MbstatetEEEEbRKNS_6localeE CODE
 0001:0000b470 0000002eH .text$_ZNKSt3__115basic_streambufIcNS_11char_traitsIcEEE6getlocB8ne200100Ev CODE
 0001:0000b4a0 00000080H .text$_ZNSt3__113basic_filebufIcNS_11char_traitsIcEEE4openEPKcj CODE
 0001:0000b520 00000021H .text$_ZNSt3__19basic_iosIcNS_11char_traitsIcEEE5clearB8ne200100Ej CODE
 0001:0000b550 0000013cH .text$_ZNSt3__113basic_filebufIcNS_11char_traitsIcEEE15__make_mdstringEj CODE
 0001:0000b690 000000e1H .text$_ZNSt3__113basic_filebufIcNS_11char_traitsIcEEE9__do_openB8ne200100EP6_iobufj CODE
 0001:0000b780 00000015H .text$_ZNKSt3__113basic_filebufIcNS_11char_traitsIcEEE7is_openEv CODE
 0001:0000b7a0 00000220H .text                   CODE
 0001:0000b9c0 00000023H .text$_ZN6System7Classes15TComponentClassC1EPNS_10TMetaClassE CODE
 0001:0000b9f0 00000023H .text$_ZN6System7Classes15TComponentClassC2EPNS_10TMetaClassE CODE
 0001:0000ba20 0000001eH .text$_ZN6System15DelphiMetaClassINS_7Classes15TComponentClassEEC2EPNS_10TMetaClassE CODE
 0001:0000ba40 00004406H .text                   CODE
 0001:0000fe50 000000c1H .text$_ZN6System8Sysutils11ERangeErrorC3ENS_13UnicodeStringE CODE
 0001:0000ff20 00000048H .text$_ZN6System8Sysutils11ERangeErrorD0Ev CODE
 0001:0000ff70 0000004aH .text$_ZN6System8_CharLenIwEEiPKT_ CODE
 0001:0000ffc0 0000004aH .text$_ZN6System8_CharLenIDsEEiPKT_ CODE
 0001:00010010 00000023H .text$_ZN6System14AnsiStringBaseC2ILt0EEEONS_11AnsiStringTIXT_EEE CODE
 0001:00010040 00000046H .text$_ZNK6System14AnsiStringBase8CodePageEv CODE
 0001:00010090 0000003aH .text$_ZNK6System14AnsiStringBaseixEi CODE
 0001:000100d0 000000c1H .text$_ZN6System8Sysutils9EIntErrorC3ENS_13UnicodeStringE CODE
 0001:000101a0 000000c1H .text$_ZN6System8Sysutils9EExternalC3ENS_13UnicodeStringE CODE
 0001:00010270 00000048H .text$_ZN6System8Sysutils9EIntErrorD0Ev CODE
 0001:000102c0 00000048H .text$_ZN6System8Sysutils9EExternalD0Ev CODE
 0001:00010310 00000df8H .text                   CODE
 0001:00011110 0000000bH .text$_ZN6System15DelphiInterfaceINS_10IInterfaceEEadEv CODE
 0001:00011120 00000046H .text$_ZN6System15DelphiInterfaceINS_10IInterfaceEED2Ev CODE
 0001:00011170 00000029H .text$_ZNSt3__110lock_guardINS_5mutexEEC2B8ne200100ERS1_ CODE
 0001:000111a0 00000019H .text$_ZNSt3__113unordered_mapIPN6System7Typinfo9TTypeInfoEPSt9type_infoNS_4hashIS4_EENS_8equal_toIS4_EENS_9allocatorINS_4pairIKS4_S6_EEEEEC2B8ne200100Ev CODE
 0001:000111c0 00000019H .text$_ZNSt3__113unordered_mapIPN6System7Typinfo9TTypeInfoEPSt9type_infoNS_4hashIS4_EENS_8equal_toIS4_EENS_9allocatorINS_4pairIKS4_S6_EEEEED2B8ne200100Ev CODE
 0001:000111e0 00000080H .text$_ZNSt3__113unordered_mapIPN6System7Typinfo9TTypeInfoEPSt9type_infoNS_4hashIS4_EENS_8equal_toIS4_EENS_9allocatorINS_4pairIKS4_S6_EEEEEixERSD_ CODE
 0001:00011260 0000004aH .text$_ZN6System11AnsiStringTILt65001EEC2ERKNS_13UnicodeStringE CODE
 0001:000112b0 0000008bH .text$_ZNK6System11AnsiStringTILt65001EEplERKS1_ CODE
 0001:00011340 0000004aH .text$_ZN6System11AnsiStringTILt65001EEC2EPKc CODE
 0001:00011390 00000030H .text$_ZN6System11AnsiStringTILt65001EEC2Ev CODE
 0001:000113c0 00000045H .text$_ZN6System11AnsiStringTILt65001EEaSEOS1_ CODE
 0001:00011410 00000019H .text$_ZN6System11AnsiStringTILt65001EED2Ev CODE
 0001:00011430 00000030H .text$_ZN10__cxxabiv117__class_type_infoC2Ev CODE
 0001:00011460 0000003cH .text$_ZNK6System11AnsiStringTILt65001EE5c_strEv CODE
 0001:000114a0 0000001cH .text$_ZNSt3__110lock_guardINS_5mutexEED2B8ne200100Ev CODE
 0001:000114c0 00000030H .text$_ZN10__cxxabiv116__shim_type_infoC2Ev CODE
 0001:000114f0 0000005fH .text$_ZNSt3__112__hash_tableINS_17__hash_value_typeIPN6System7Typinfo9TTypeInfoEPSt9type_infoEENS_22__unordered_map_hasherIS5_S8_NS_4hashIS5_EENS_8equal_toIS5_EELb1EEENS_21__unordered_map_equalIS5_S8_SD_SB_Lb1EEENS_9allocatorIS8_EEEC2Ev CODE
 0001:00011550 00000024H .text$_ZNSt3__110unique_ptrIA_PNS_16__hash_node_baseIPNS_11__hash_nodeINS_17__hash_value_typeIPN6System7Typinfo9TTypeInfoEPSt9type_infoEEPvEEEENS_25__bucket_list_deallocatorINS_9allocatorISF_EEEEEC2B8ne200100ILb1EvEEv CODE
 0001:00011580 00000012H .text$_ZNSt3__116__hash_node_baseIPNS_11__hash_nodeINS_17__hash_value_typeIPN6System7Typinfo9TTypeInfoEPSt9type_infoEEPvEEEC2B8ne200100Ev CODE
 0001:000115a0 00000019H .text$_ZNSt3__19allocatorINS_11__hash_nodeINS_17__hash_value_typeIPN6System7Typinfo9TTypeInfoEPSt9type_infoEEPvEEEC2B8ne200100Ev CODE
 0001:000115c0 00000007H .text$_ZNSt3__122__unordered_map_hasherIPN6System7Typinfo9TTypeInfoENS_17__hash_value_typeIS4_PSt9type_infoEENS_4hashIS4_EENS_8equal_toIS4_EELb1EEC2B8ne200100Ev CODE
 0001:000115d0 00000007H .text$_ZNSt3__121__unordered_map_equalIPN6System7Typinfo9TTypeInfoENS_17__hash_value_typeIS4_PSt9type_infoEENS_8equal_toIS4_EENS_4hashIS4_EELb1EEC2B8ne200100Ev CODE
 0001:000115e0 00000020H .text$_ZNSt3__125__bucket_list_deallocatorINS_9allocatorIPNS_16__hash_node_baseIPNS_11__hash_nodeINS_17__hash_value_typeIPN6System7Typinfo9TTypeInfoEPSt9type_infoEEPvEEEEEEEC2B8ne200100Ev CODE
 0001:00011600 00000019H .text$_ZNSt3__19allocatorIPNS_16__hash_node_baseIPNS_11__hash_nodeINS_17__hash_value_typeIPN6System7Typinfo9TTypeInfoEPSt9type_infoEEPvEEEEEC2B8ne200100Ev CODE
 0001:00011620 00000007H .text$_ZNSt3__116__non_trivial_ifILb1ENS_9allocatorIPNS_16__hash_node_baseIPNS_11__hash_nodeINS_17__hash_value_typeIPN6System7Typinfo9TTypeInfoEPSt9type_infoEEPvEEEEEEEC2B8ne200100Ev CODE
 0001:00011630 00000007H .text$_ZNSt3__116__non_trivial_ifILb1ENS_9allocatorINS_11__hash_nodeINS_17__hash_value_typeIPN6System7Typinfo9TTypeInfoEPSt9type_infoEEPvEEEEEC2B8ne200100Ev CODE
 0001:00011640 0000002cH .text$_ZNSt3__112__hash_tableINS_17__hash_value_typeIPN6System7Typinfo9TTypeInfoEPSt9type_infoEENS_22__unordered_map_hasherIS5_S8_NS_4hashIS5_EENS_8equal_toIS5_EELb1EEENS_21__unordered_map_equalIS5_S8_SD_SB_Lb1EEENS_9allocatorIS8_EEED2Ev CODE
 0001:00011670 000000c0H .text$_ZNSt3__112__hash_tableINS_17__hash_value_typeIPN6System7Typinfo9TTypeInfoEPSt9type_infoEENS_22__unordered_map_hasherIS5_S8_NS_4hashIS5_EENS_8equal_toIS5_EELb1EEENS_21__unordered_map_equalIS5_S8_SD_SB_Lb1EEENS_9allocatorIS8_EEE17__deallocate_nodeEPNS_16__hash_node_baseIPNS_11__hash_nodeIS8_PvEEEE CODE
 0001:00011730 0000001dH .text$_ZNSt3__110unique_ptrIA_PNS_16__hash_node_baseIPNS_11__hash_nodeINS_17__hash_value_typeIPN6System7Typinfo9TTypeInfoEPSt9type_infoEEPvEEEENS_25__bucket_list_deallocatorINS_9allocatorISF_EEEEED2B8ne200100Ev CODE
 0001:00011750 0000000bH .text$_ZNSt3__112__hash_tableINS_17__hash_value_typeIPN6System7Typinfo9TTypeInfoEPSt9type_infoEENS_22__unordered_map_hasherIS5_S8_NS_4hashIS5_EENS_8equal_toIS5_EELb1EEENS_21__unordered_map_equalIS5_S8_SD_SB_Lb1EEENS_9allocatorIS8_EEE12__node_allocB8ne200100Ev CODE
 0001:00011760 00000019H .text$_ZNSt3__116__hash_node_baseIPNS_11__hash_nodeINS_17__hash_value_typeIPN6System7Typinfo9TTypeInfoEPSt9type_infoEEPvEEE8__upcastB8ne200100Ev CODE
 0001:00011780 0000001eH .text$_ZNSt3__116allocator_traitsINS_9allocatorINS_11__hash_nodeINS_17__hash_value_typeIPN6System7Typinfo9TTypeInfoEPSt9type_infoEEPvEEEEE7destroyB8ne200100INS_4pairIKS7_S9_EEvTnNS_9enable_ifIXntsr13__has_destroyISD_PT_EE5valueEiE4typeELi0EEEvRSD_SL_ CODE
 0001:000117a0 00000019H .text$_ZNSt3__122__hash_key_value_typesINS_17__hash_value_typeIPN6System7Typinfo9TTypeInfoEPSt9type_infoEEE9__get_ptrB8ne200100ERS8_ CODE
 0001:000117c0 0000000fH .text$_ZNSt3__111__hash_nodeINS_17__hash_value_typeIPN6System7Typinfo9TTypeInfoEPSt9type_infoEEPvE11__get_valueB8ne200100Ev CODE
 0001:000117d0 00000019H .text$_ZNSt3__112__destroy_atB8ne200100INS_11__hash_nodeINS_17__hash_value_typeIPN6System7Typinfo9TTypeInfoEPSt9type_infoEEPvEETnNS_9enable_ifIXntsr8is_arrayIT_EE5valueEiE4typeELi0EEEvPSD_ CODE
 0001:000117f0 0000002dH .text$_ZNSt3__116allocator_traitsINS_9allocatorINS_11__hash_nodeINS_17__hash_value_typeIPN6System7Typinfo9TTypeInfoEPSt9type_infoEEPvEEEEE10deallocateB8ne200100ERSD_PSC_y CODE
 0001:00011820 0000000bH .text$_ZNSt3__114pointer_traitsIPNS_16__hash_node_baseIPNS_11__hash_nodeINS_17__hash_value_typeIPN6System7Typinfo9TTypeInfoEPSt9type_infoEEPvEEEEE10pointer_toB8ne200100ERSE_ CODE
 0001:00011830 00000007H .text$_ZNSt3__112__destroy_atB8ne200100INS_4pairIKPN6System7Typinfo9TTypeInfoEPSt9type_infoEETnNS_9enable_ifIXntsr8is_arrayIT_EE5valueEiE4typeELi0EEEvPSB_ CODE
 0001:00011840 00000019H .text$_ZNSt3__117__hash_value_typeIPN6System7Typinfo9TTypeInfoEPSt9type_infoE11__get_valueB8ne200100Ev CODE
 0001:00011860 00000019H .text$_ZNSt3__17launderB8ne200100INS_4pairIKPN6System7Typinfo9TTypeInfoEPSt9type_infoEEEEPT_SB_ CODE
 0001:00011880 0000000bH .text$_ZNSt3__19__launderB8ne200100INS_4pairIKPN6System7Typinfo9TTypeInfoEPSt9type_infoEEEEPT_SB_ CODE
 0001:00011890 00000007H .text$_ZNSt3__111__hash_nodeINS_17__hash_value_typeIPN6System7Typinfo9TTypeInfoEPSt9type_infoEEPvED2B8ne200100Ev CODE
 0001:000118a0 0000002eH .text$_ZNSt3__19allocatorINS_11__hash_nodeINS_17__hash_value_typeIPN6System7Typinfo9TTypeInfoEPSt9type_infoEEPvEEE10deallocateB8ne200100EPSB_y CODE
 0001:000118d0 0000005cH .text$_ZNSt3__119__libcpp_deallocateB8ne200100INS_11__hash_nodeINS_17__hash_value_typeIPN6System7Typinfo9TTypeInfoEPSt9type_infoEEPvEEEEvPNS_15__type_identityIT_E4typeENS_15__element_countEy CODE
 0001:00011930 00000023H .text$_ZNSt3__124__libcpp_operator_deleteB8ne200100IJPNS_11__hash_nodeINS_17__hash_value_typeIPN6System7Typinfo9TTypeInfoEPSt9type_infoEEPvEESt11align_val_tEEEvDpT_ CODE
 0001:00011960 00000019H .text$_ZNSt3__124__libcpp_operator_deleteB8ne200100IJPNS_11__hash_nodeINS_17__hash_value_typeIPN6System7Typinfo9TTypeInfoEPSt9type_infoEEPvEEEEEvDpT_ CODE
 0001:00011980 00000048H .text$_ZNSt3__110unique_ptrIA_PNS_16__hash_node_baseIPNS_11__hash_nodeINS_17__hash_value_typeIPN6System7Typinfo9TTypeInfoEPSt9type_infoEEPvEEEENS_25__bucket_list_deallocatorINS_9allocatorISF_EEEEE5resetB8ne200100EDn CODE
 0001:000119d0 0000004eH .text$_ZNSt3__125__bucket_list_deallocatorINS_9allocatorIPNS_16__hash_node_baseIPNS_11__hash_nodeINS_17__hash_value_typeIPN6System7Typinfo9TTypeInfoEPSt9type_infoEEPvEEEEEEEclB8ne200100EPSG_ CODE
 0001:00011a20 0000002dH .text$_ZNSt3__116allocator_traitsINS_9allocatorIPNS_16__hash_node_baseIPNS_11__hash_nodeINS_17__hash_value_typeIPN6System7Typinfo9TTypeInfoEPSt9type_infoEEPvEEEEEEE10deallocateB8ne200100ERSH_PSG_y CODE
 0001:00011a50 0000000bH .text$_ZNSt3__125__bucket_list_deallocatorINS_9allocatorIPNS_16__hash_node_baseIPNS_11__hash_nodeINS_17__hash_value_typeIPN6System7Typinfo9TTypeInfoEPSt9type_infoEEPvEEEEEEE7__allocB8ne200100Ev CODE
 0001:00011a60 0000000bH .text$_ZNSt3__125__bucket_list_deallocatorINS_9allocatorIPNS_16__hash_node_baseIPNS_11__hash_nodeINS_17__hash_value_typeIPN6System7Typinfo9TTypeInfoEPSt9type_infoEEPvEEEEEEE4sizeB8ne200100Ev CODE
 0001:00011a70 0000002eH .text$_ZNSt3__19allocatorIPNS_16__hash_node_baseIPNS_11__hash_nodeINS_17__hash_value_typeIPN6System7Typinfo9TTypeInfoEPSt9type_infoEEPvEEEEE10deallocateB8ne200100EPSF_y CODE
 0001:00011aa0 0000005cH .text$_ZNSt3__119__libcpp_deallocateB8ne200100IPNS_16__hash_node_baseIPNS_11__hash_nodeINS_17__hash_value_typeIPN6System7Typinfo9TTypeInfoEPSt9type_infoEEPvEEEEEEvPNS_15__type_identityIT_E4typeENS_15__element_countEy CODE
 0001:00011b00 00000023H .text$_ZNSt3__124__libcpp_operator_deleteB8ne200100IJPPNS_16__hash_node_baseIPNS_11__hash_nodeINS_17__hash_value_typeIPN6System7Typinfo9TTypeInfoEPSt9type_infoEEPvEEEESt11align_val_tEEEvDpT_ CODE
 0001:00011b30 00000019H .text$_ZNSt3__124__libcpp_operator_deleteB8ne200100IJPPNS_16__hash_node_baseIPNS_11__hash_nodeINS_17__hash_value_typeIPN6System7Typinfo9TTypeInfoEPSt9type_infoEEPvEEEEEEEvDpT_ CODE
 0001:00011b50 00000726H .text$_ZNSt3__112__hash_tableINS_17__hash_value_typeIPN6System7Typinfo9TTypeInfoEPSt9type_infoEENS_22__unordered_map_hasherIS5_S8_NS_4hashIS5_EENS_8equal_toIS5_EELb1EEENS_21__unordered_map_equalIS5_S8_SD_SB_Lb1EEENS_9allocatorIS8_EEE25__emplace_unique_key_argsIS5_JRKNS_21piecewise_construct_tENS_5tupleIJRKS5_EEENSO_IJEEEEEENS_4pairINS_15__hash_iteratorIPNS_11__hash_nodeIS8_PvEEEEbEERKT_DpOT0_ CODE
 0001:00012280 00000022H .text$_ZNSt3__116forward_as_tupleB8ne200100IJRKPN6System7Typinfo9TTypeInfoEEEENS_5tupleIJDpOT_EEESA_ CODE
 0001:000122b0 0000002cH .text$_ZNKSt3__115__hash_iteratorIPNS_11__hash_nodeINS_17__hash_value_typeIPN6System7Typinfo9TTypeInfoEPSt9type_infoEEPvEEEptB8ne200100Ev CODE
 0001:000122e0 0000000bH .text$_ZNSt3__112__hash_tableINS_17__hash_value_typeIPN6System7Typinfo9TTypeInfoEPSt9type_infoEENS_22__unordered_map_hasherIS5_S8_NS_4hashIS5_EENS_8equal_toIS5_EELb1EEENS_21__unordered_map_equalIS5_S8_SD_SB_Lb1EEENS_9allocatorIS8_EEE13hash_functionB8ne200100Ev CODE
 0001:000122f0 00000026H .text$_ZNKSt3__122__unordered_map_hasherIPN6System7Typinfo9TTypeInfoENS_17__hash_value_typeIS4_PSt9type_infoEENS_4hashIS4_EENS_8equal_toIS4_EELb1EEclB8ne200100ERKS4_ CODE
 0001:00012320 00000021H .text$_ZNKSt3__112__hash_tableINS_17__hash_value_typeIPN6System7Typinfo9TTypeInfoEPSt9type_infoEENS_22__unordered_map_hasherIS5_S8_NS_4hashIS5_EENS_8equal_toIS5_EELb1EEENS_21__unordered_map_equalIS5_S8_SD_SB_Lb1EEENS_9allocatorIS8_EEE12bucket_countB8ne200100Ev CODE
 0001:00012350 00000079H .text$_ZNSt3__116__constrain_hashB8ne200100Eyy CODE
 0001:000123d0 00000025H .text$_ZNKSt3__110unique_ptrIA_PNS_16__hash_node_baseIPNS_11__hash_nodeINS_17__hash_value_typeIPN6System7Typinfo9TTypeInfoEPSt9type_infoEEPvEEEENS_25__bucket_list_deallocatorINS_9allocatorISF_EEEEEixB8ne200100Ey CODE
 0001:00012400 0000000fH .text$_ZNKSt3__116__hash_node_baseIPNS_11__hash_nodeINS_17__hash_value_typeIPN6System7Typinfo9TTypeInfoEPSt9type_infoEEPvEEE6__hashB8ne200100Ev CODE
 0001:00012410 0000000bH .text$_ZNSt3__112__hash_tableINS_17__hash_value_typeIPN6System7Typinfo9TTypeInfoEPSt9type_infoEENS_22__unordered_map_hasherIS5_S8_NS_4hashIS5_EENS_8equal_toIS5_EELb1EEENS_21__unordered_map_equalIS5_S8_SD_SB_Lb1EEENS_9allocatorIS8_EEE6key_eqB8ne200100Ev CODE
 0001:00012420 00000040H .text$_ZNKSt3__121__unordered_map_equalIPN6System7Typinfo9TTypeInfoENS_17__hash_value_typeIS4_PSt9type_infoEENS_8equal_toIS4_EENS_4hashIS4_EELb1EEclB8ne200100ERKS8_RKS4_ CODE
 0001:00012460 00000196H .text$_ZNSt3__112__hash_tableINS_17__hash_value_typeIPN6System7Typinfo9TTypeInfoEPSt9type_infoEENS_22__unordered_map_hasherIS5_S8_NS_4hashIS5_EENS_8equal_toIS5_EELb1EEENS_21__unordered_map_equalIS5_S8_SD_SB_Lb1EEENS_9allocatorIS8_EEE21__construct_node_hashIRKNS_21piecewise_construct_tEJNS_5tupleIJRKS5_EEENSO_IJEEEEEENS_10unique_ptrINS_11__hash_nodeIS8_PvEENS_22__hash_node_destructorINSH_ISW_EEEEEEyOT_DpOT0_ CODE
 0001:00012600 0000000fH .text$_ZNSt3__112__hash_tableINS_17__hash_value_typeIPN6System7Typinfo9TTypeInfoEPSt9type_infoEENS_22__unordered_map_hasherIS5_S8_NS_4hashIS5_EENS_8equal_toIS5_EELb1EEENS_21__unordered_map_equalIS5_S8_SD_SB_Lb1EEENS_9allocatorIS8_EEE4sizeB8ne200100Ev CODE
 0001:00012610 0000000fH .text$_ZNSt3__112__hash_tableINS_17__hash_value_typeIPN6System7Typinfo9TTypeInfoEPSt9type_infoEENS_22__unordered_map_hasherIS5_S8_NS_4hashIS5_EENS_8equal_toIS5_EELb1EEENS_21__unordered_map_equalIS5_S8_SD_SB_Lb1EEENS_9allocatorIS8_EEE15max_load_factorB8ne200100Ev CODE
 0001:00012620 00000023H .text$_ZNSt3__112__hash_tableINS_17__hash_value_typeIPN6System7Typinfo9TTypeInfoEPSt9type_infoEENS_22__unordered_map_hasherIS5_S8_NS_4hashIS5_EENS_8equal_toIS5_EELb1EEENS_21__unordered_map_equalIS5_S8_SD_SB_Lb1EEENS_9allocatorIS8_EEE15__rehash_uniqueB8ne200100Ey CODE
 0001:00012650 00000028H .text$_ZNSt3__13maxB8ne200100IyEERKT_S3_S3_ CODE
 0001:00012680 00000040H .text$_ZNSt3__116__is_hash_power2B8ne200100Ey CODE
 0001:000126c0 0000001bH .text$_ZNSt3__16__math4ceilB8ne200100Ef CODE
 0001:000126e0 00000019H .text$_ZNSt3__116__hash_node_baseIPNS_11__hash_nodeINS_17__hash_value_typeIPN6System7Typinfo9TTypeInfoEPSt9type_infoEEPvEEE5__ptrB8ne200100Ev CODE
 0001:00012700 0000000eH .text$_ZNKSt3__110unique_ptrINS_11__hash_nodeINS_17__hash_value_typeIPN6System7Typinfo9TTypeInfoEPSt9type_infoEEPvEENS_22__hash_node_destructorINS_9allocatorISB_EEEEEptB8ne200100Ev CODE
 0001:00012710 0000000eH .text$_ZNKSt3__110unique_ptrINS_11__hash_nodeINS_17__hash_value_typeIPN6System7Typinfo9TTypeInfoEPSt9type_infoEEPvEENS_22__hash_node_destructorINS_9allocatorISB_EEEEE3getB8ne200100Ev CODE
 0001:00012720 00000025H .text$_ZNSt3__110unique_ptrINS_11__hash_nodeINS_17__hash_value_typeIPN6System7Typinfo9TTypeInfoEPSt9type_infoEEPvEENS_22__hash_node_destructorINS_9allocatorISB_EEEEE7releaseB8ne200100Ev CODE
 0001:00012750 0000001dH .text$_ZNSt3__110unique_ptrINS_11__hash_nodeINS_17__hash_value_typeIPN6System7Typinfo9TTypeInfoEPSt9type_infoEEPvEENS_22__hash_node_destructorINS_9allocatorISB_EEEEED2B8ne200100Ev CODE
 0001:00012770 0000001eH .text$_ZNSt3__115__hash_iteratorIPNS_11__hash_nodeINS_17__hash_value_typeIPN6System7Typinfo9TTypeInfoEPSt9type_infoEEPvEEEC2B8ne200100EPNS_16__hash_node_baseISC_EE CODE
 0001:00012790 00000033H .text$_ZNSt3__14pairINS_15__hash_iteratorIPNS_11__hash_nodeINS_17__hash_value_typeIPN6System7Typinfo9TTypeInfoEPSt9type_infoEEPvEEEEbEC2B8ne200100ISE_RbTnNS_9enable_ifIXclsr10_CheckArgsE23__is_pair_constructibleIT_T0_EEEiE4typeELi0EEEOSJ_OSK_ CODE
 0001:000127d0 00000047H .text$_ZNKSt3__14hashIPN6System7Typinfo9TTypeInfoEEclB8ne200100ES4_ CODE
 0001:00012820 000004f2H .text$_ZNKSt3__121__murmur2_or_cityhashIyLy64EEclB8ne200100EPKvy CODE
 0001:00012d20 00000191H .text$_ZNSt3__121__murmur2_or_cityhashIyLy64EE18__hash_len_0_to_16B8ne200100EPKcy CODE
 0001:00012ec0 0000010cH .text$_ZNSt3__121__murmur2_or_cityhashIyLy64EE19__hash_len_17_to_32B8ne200100EPKcy CODE
 0001:00012fd0 00000339H .text$_ZNSt3__121__murmur2_or_cityhashIyLy64EE19__hash_len_33_to_64B8ne200100EPKcy CODE
 0001:00013310 0000001eH .text$_ZNSt3__110__loadwordB8ne200100IyEET_PKv CODE
 0001:00013330 00000095H .text$_ZNSt3__121__murmur2_or_cityhashIyLy64EE13__hash_len_16B8ne200100Eyy CODE
 0001:000133d0 000000b0H .text$_ZNSt3__121__murmur2_or_cityhashIyLy64EE29__weak_hash_len_32_with_seedsB8ne200100EPKcyy CODE
 0001:00013480 00000051H .text$_ZNSt3__121__murmur2_or_cityhashIyLy64EE8__rotateB8ne200100Eyi CODE
 0001:000134e0 0000002dH .text$_ZNSt3__14pairIyyEaSB8ne200100EOS1_ CODE
 0001:00013510 0000003bH .text$_ZNSt3__14swapB8ne200100IyEENS_9enable_ifIXaasr21is_move_constructibleIT_EE5valuesr18is_move_assignableIS2_EE5valueEvE4typeERS2_S5_ CODE
 0001:00013550 00000016H .text$_ZNSt3__121__murmur2_or_cityhashIyLy64EE11__shift_mixB8ne200100Ey CODE
 0001:00013570 00000037H .text$_ZNSt3__121__murmur2_or_cityhashIyLy64EE22__rotate_by_at_least_1B8ne200100Eyi CODE
 0001:000135b0 0000001dH .text$_ZNSt3__110__loadwordB8ne200100IjEET_PKv CODE
 0001:000135d0 0000011aH .text$_ZNSt3__121__murmur2_or_cityhashIyLy64EE29__weak_hash_len_32_with_seedsB8ne200100Eyyyyyy CODE
 0001:000136f0 00000032H .text$_ZNSt3__14pairIyyEC2B8ne200100IyyTnNS_9enable_ifIXclsr10_CheckArgsE23__is_pair_constructibleIT_T0_EEEiE4typeELi0EEEOS4_OS5_ CODE
 0001:00013730 0000000fH .text$_ZNKSt3__110unique_ptrIA_PNS_16__hash_node_baseIPNS_11__hash_nodeINS_17__hash_value_typeIPN6System7Typinfo9TTypeInfoEPSt9type_infoEEPvEEEENS_25__bucket_list_deallocatorINS_9allocatorISF_EEEEE11get_deleterB8ne200100Ev CODE
 0001:00013740 0000000eH .text$_ZNKSt3__125__bucket_list_deallocatorINS_9allocatorIPNS_16__hash_node_baseIPNS_11__hash_nodeINS_17__hash_value_typeIPN6System7Typinfo9TTypeInfoEPSt9type_infoEEPvEEEEEEE4sizeB8ne200100Ev CODE
 0001:00013750 0000002bH .text$_ZNKSt3__18equal_toIPN6System7Typinfo9TTypeInfoEEclB8ne200100ERKS4_S7_ CODE
 0001:00013780 00000019H .text$_ZNKSt3__117__hash_value_typeIPN6System7Typinfo9TTypeInfoEPSt9type_infoE11__get_valueB8ne200100Ev CODE
 0001:000137a0 00000019H .text$_ZNSt3__17launderB8ne200100IKNS_4pairIKPN6System7Typinfo9TTypeInfoEPSt9type_infoEEEEPT_SC_ CODE
 0001:000137c0 0000000bH .text$_ZNSt3__19__launderB8ne200100IKNS_4pairIKPN6System7Typinfo9TTypeInfoEPSt9type_infoEEEEPT_SC_ CODE
 0001:000137d0 00000023H .text$_ZNSt3__116allocator_traitsINS_9allocatorINS_11__hash_nodeINS_17__hash_value_typeIPN6System7Typinfo9TTypeInfoEPSt9type_infoEEPvEEEEE8allocateB8ne200100ERSD_y CODE
 0001:00013800 00000033H .text$_ZNSt3__122__hash_node_destructorINS_9allocatorINS_11__hash_nodeINS_17__hash_value_typeIPN6System7Typinfo9TTypeInfoEPSt9type_infoEEPvEEEEEC2B8ne200100ERSD_b CODE
 0001:00013840 00000043H .text$_ZNSt3__110unique_ptrINS_11__hash_nodeINS_17__hash_value_typeIPN6System7Typinfo9TTypeInfoEPSt9type_infoEEPvEENS_22__hash_node_destructorINS_9allocatorISB_EEEEEC2B8ne200100ILb1EvEEPSB_NS_16__dependent_typeINS_27__unique_ptr_deleter_sfinaeISF_EEXT_EE20__good_rval_ref_typeE CODE
 0001:00013890 0000002dH .text$_ZNSt3__114__construct_atB8ne200100INS_11__hash_nodeINS_17__hash_value_typeIPN6System7Typinfo9TTypeInfoEPSt9type_infoEEPvEEJDnRyEPSB_EEPT_SF_DpOT0_ CODE
 0001:000138c0 0000000eH .text$_ZNKSt3__110unique_ptrINS_11__hash_nodeINS_17__hash_value_typeIPN6System7Typinfo9TTypeInfoEPSt9type_infoEEPvEENS_22__hash_node_destructorINS_9allocatorISB_EEEEEdeB8ne200100Ev CODE
 0001:000138d0 0000003cH .text$_ZNSt3__116allocator_traitsINS_9allocatorINS_11__hash_nodeINS_17__hash_value_typeIPN6System7Typinfo9TTypeInfoEPSt9type_infoEEPvEEEEE9constructB8ne200100INS_4pairIKS7_S9_EEJRKNS_21piecewise_construct_tENS_5tupleIJRSH_EEENSM_IJEEEEvTnNS_9enable_ifIXntsr15__has_constructISD_PT_DpT0_EE5valueEiE4typeELi0EEEvRSD_SS_DpOST_ CODE
 0001:00013910 0000000fH .text$_ZNSt3__110unique_ptrINS_11__hash_nodeINS_17__hash_value_typeIPN6System7Typinfo9TTypeInfoEPSt9type_infoEEPvEENS_22__hash_node_destructorINS_9allocatorISB_EEEEE11get_deleterB8ne200100Ev CODE
 0001:00013920 00000049H .text$_ZNSt3__19allocatorINS_11__hash_nodeINS_17__hash_value_typeIPN6System7Typinfo9TTypeInfoEPSt9type_infoEEPvEEE8allocateB8ne200100Ey CODE
 0001:00013970 00000017H .text$_ZNSt3__116allocator_traitsINS_9allocatorINS_11__hash_nodeINS_17__hash_value_typeIPN6System7Typinfo9TTypeInfoEPSt9type_infoEEPvEEEEE8max_sizeB8ne200100ISD_vTnNS_9enable_ifIXntsr14__has_max_sizeIKT_EE5valueEiE4typeELi0EEEyRKSD_ CODE
 0001:00013990 00000065H .text$_ZNSt3__117__libcpp_allocateB8ne200100INS_11__hash_nodeINS_17__hash_value_typeIPN6System7Typinfo9TTypeInfoEPSt9type_infoEEPvEEEEPT_NS_15__element_countEy CODE
 0001:00013a00 0000003dH .text$_ZNSt3__125__compressed_pair_paddingINS_22__hash_node_destructorINS_9allocatorINS_11__hash_nodeINS_17__hash_value_typeIPN6System7Typinfo9TTypeInfoEPSt9type_infoEEPvEEEEEELb0EEC2Ev CODE
 0001:00013a40 00000038H .text$_ZNSt3__112construct_atB8ne200100INS_11__hash_nodeINS_17__hash_value_typeIPN6System7Typinfo9TTypeInfoEPSt9type_infoEEPvEEJDnRyEPSB_EEPT_SF_DpOT0_ CODE
 0001:00013a80 0000003aH .text$_ZNSt3__111__hash_nodeINS_17__hash_value_typeIPN6System7Typinfo9TTypeInfoEPSt9type_infoEEPvEC2B8ne200100EPNS_16__hash_node_baseIPSA_EEy CODE
 0001:00013ac0 0000001eH .text$_ZNSt3__116__hash_node_baseIPNS_11__hash_nodeINS_17__hash_value_typeIPN6System7Typinfo9TTypeInfoEPSt9type_infoEEPvEEEC2B8ne200100EPSD_ CODE
 0001:00013ae0 00000037H .text$_ZNSt3__114__construct_atB8ne200100INS_4pairIKPN6System7Typinfo9TTypeInfoEPSt9type_infoEEJRKNS_21piecewise_construct_tENS_5tupleIJRS6_EEENSD_IJEEEEPS9_EEPT_SJ_DpOT0_ CODE
 0001:00013b20 0000004cH .text$_ZNSt3__112construct_atB8ne200100INS_4pairIKPN6System7Typinfo9TTypeInfoEPSt9type_infoEEJRKNS_21piecewise_construct_tENS_5tupleIJRS6_EEENSD_IJEEEEPS9_EEPT_SJ_DpOT0_ CODE
 0001:00013b70 00000054H .text$_ZNSt3__14pairIKPN6System7Typinfo9TTypeInfoEPSt9type_infoEC2B8ne200100IJRS5_EJEEENS_21piecewise_construct_tENS_5tupleIJDpT_EEENSC_IJDpT0_EEE CODE
 0001:00013bd0 0000005aH .text$_ZNSt3__14pairIKPN6System7Typinfo9TTypeInfoEPSt9type_infoEC2B8ne200100IJRS5_EJEJLy0EETpTnyJEEENS_21piecewise_construct_tERNS_5tupleIJDpT_EEERNSC_IJDpT0_EEENS_15__tuple_indicesIJXspT1_EEEENSL_IJXspT2_EEEE CODE
 0001:00013c30 00000019H .text$_ZNSt3__13getB8ne200100ILy0EJRKPN6System7Typinfo9TTypeInfoEEEERNS_13tuple_elementIXT_ENS_5tupleIJDpT0_EEEE4typeERSB_ CODE
 0001:00013c50 0000000eH .text$_ZNSt3__112__tuple_leafILy0ERKPN6System7Typinfo9TTypeInfoELb0EE3getB8ne200100Ev CODE
 0001:00013c60 0000022dH .text$_ZNSt3__112__hash_tableINS_17__hash_value_typeIPN6System7Typinfo9TTypeInfoEPSt9type_infoEENS_22__unordered_map_hasherIS5_S8_NS_4hashIS5_EENS_8equal_toIS5_EELb1EEENS_21__unordered_map_equalIS5_S8_SD_SB_Lb1EEENS_9allocatorIS8_EEE8__rehashILb1EEEvy CODE
 0001:00013e90 00000288H .text$_ZNSt3__112__hash_tableINS_17__hash_value_typeIPN6System7Typinfo9TTypeInfoEPSt9type_infoEENS_22__unordered_map_hasherIS5_S8_NS_4hashIS5_EENS_8equal_toIS5_EELb1EEENS_21__unordered_map_equalIS5_S8_SD_SB_Lb1EEENS_9allocatorIS8_EEE11__do_rehashILb1EEEvy CODE
 0001:00014120 0000004fH .text$_ZNSt3__116__next_hash_pow2B8ne200100Ey CODE
 0001:00014170 0000000fH .text$_ZNSt3__110unique_ptrIA_PNS_16__hash_node_baseIPNS_11__hash_nodeINS_17__hash_value_typeIPN6System7Typinfo9TTypeInfoEPSt9type_infoEEPvEEEENS_25__bucket_list_deallocatorINS_9allocatorISF_EEEEE11get_deleterB8ne200100Ev CODE
 0001:00014180 00000049H .text$_ZNSt3__110unique_ptrIA_PNS_16__hash_node_baseIPNS_11__hash_nodeINS_17__hash_value_typeIPN6System7Typinfo9TTypeInfoEPSt9type_infoEEPvEEEENS_25__bucket_list_deallocatorINS_9allocatorISF_EEEEE5resetB8ne200100IPSF_TnNS_9enable_ifIXsr28_CheckArrayPointerConversionIT_EE5valueEiE4typeELi0EEEvSP_ CODE
 0001:000141d0 00000023H .text$_ZNSt3__116allocator_traitsINS_9allocatorIPNS_16__hash_node_baseIPNS_11__hash_nodeINS_17__hash_value_typeIPN6System7Typinfo9TTypeInfoEPSt9type_infoEEPvEEEEEEE8allocateB8ne200100ERSH_y CODE
 0001:00014200 00000049H .text$_ZNSt3__19allocatorIPNS_16__hash_node_baseIPNS_11__hash_nodeINS_17__hash_value_typeIPN6System7Typinfo9TTypeInfoEPSt9type_infoEEPvEEEEE8allocateB8ne200100Ey CODE
 0001:00014250 00000017H .text$_ZNSt3__116allocator_traitsINS_9allocatorIPNS_16__hash_node_baseIPNS_11__hash_nodeINS_17__hash_value_typeIPN6System7Typinfo9TTypeInfoEPSt9type_infoEEPvEEEEEEE8max_sizeB8ne200100ISH_vTnNS_9enable_ifIXntsr14__has_max_sizeIKT_EE5valueEiE4typeELi0EEEyRKSH_ CODE
 0001:00014270 00000065H .text$_ZNSt3__117__libcpp_allocateB8ne200100IPNS_16__hash_node_baseIPNS_11__hash_nodeINS_17__hash_value_typeIPN6System7Typinfo9TTypeInfoEPSt9type_infoEEPvEEEEEEPT_NS_15__element_countEy CODE
 0001:000142e0 00000013H .text$_ZNSt3__112__libcpp_clzB8ne200100Ey CODE
 0001:00014300 0000004dH .text$_ZNSt3__13maxB8ne200100IyNS_6__lessIvvEEEERKT_S5_S5_T0_ CODE
 0001:00014350 00000049H .text$_ZNSt3__110unique_ptrINS_11__hash_nodeINS_17__hash_value_typeIPN6System7Typinfo9TTypeInfoEPSt9type_infoEEPvEENS_22__hash_node_destructorINS_9allocatorISB_EEEEE5resetB8ne200100EPSB_ CODE
 0001:000143a0 0000008eH .text$_ZNSt3__122__hash_node_destructorINS_9allocatorINS_11__hash_nodeINS_17__hash_value_typeIPN6System7Typinfo9TTypeInfoEPSt9type_infoEEPvEEEEEclB8ne200100EPSC_ CODE
 0001:00014430 00000040H .text$_ZNSt3__15tupleIJRKPN6System7Typinfo9TTypeInfoEEEC2B8ne200100INS_4_AndETnNS_9enable_ifIXsrT_IJNS_17integral_constantIbLb1EEENS_21is_copy_constructibleIS6_EEEE5valueEiE4typeELi0EEES6_ CODE
 0001:00014470 00000039H .text$_ZNSt3__112__tuple_implINS_15__tuple_indicesIJLy0EEEEJRKPN6System7Typinfo9TTypeInfoEEEC2B8ne200100IJLy0EEJS8_ETpTnyJEJEJS8_EEENS1_IJXspT_EEEENS_13__tuple_typesIJDpT0_EEENS1_IJXspT1_EEEENSC_IJDpT2_EEEDpOT3_ CODE
 0001:000144b0 0000001eH .text$_ZNSt3__112__tuple_leafILy0ERKPN6System7Typinfo9TTypeInfoELb0EEC2B8ne200100IS6_TnNS_9enable_ifIXsr4_AndINS_17integral_constantIbXntu9__is_sameu14__remove_cvrefIT_ES7_EEEENS_16is_constructibleIS6_JSB_EEEEE5valueEiE4typeELi0EEEOSB_ CODE
 0001:000144d0 0000000bH .text$_ZNSt3__114pointer_traitsIPNS_17__hash_value_typeIPN6System7Typinfo9TTypeInfoEPSt9type_infoEEE10pointer_toB8ne200100ERS8_ CODE
 0001:000144e0 0000002cH .text$_ZN6System11AnsiStringTILt65001EE4swapERS1_ CODE
 0001:00014510 0000422fH .text                   CODE
 0001:00018740 00000027H .text$_ZN6System9TDateTimepLERKS0_ CODE
 0001:00018770 0000002bH .text$_ZN6System9TDateTimemIERKS0_ CODE
 0001:000187a0 00000045H .text$_ZN6System10WideStringaSEOS0_ CODE
 0001:000187f0 00005916H .text                   CODE
 0001:0001e110 0000004aH .text$_ZN6System11WideCharLenIwEEiPKT_ CODE
 0001:0001e160 0000004aH .text$_ZN6System11WideCharLenIDsEEiPKT_ CODE
 0001:0001e1b0 00000046H .text$_ZN6System15DelphiInterfaceINS_14IEnumerator__1INS_13UnicodeStringEEEEC2ERKS4_ CODE
 0001:0001e200 000000eaH .text$_ZN6System15DelphiInterfaceINS_14IEnumerator__1INS_13UnicodeStringEEEED2Ev CODE
 0001:0001e2f0 00000046H .text$_ZN6System15DelphiInterfaceINS_14IEnumerable__1INS_13UnicodeStringEEEEC2ERKS4_ CODE
 0001:0001e340 000000eaH .text$_ZN6System15DelphiInterfaceINS_14IEnumerable__1INS_13UnicodeStringEEEED2Ev CODE
 0001:0001e430 00000012H .text$_ZN6System15DelphiInterfaceINS_14IEnumerator__1INS_13UnicodeStringEEEEC2Ev CODE
 0001:0001e450 00000012H .text$_ZN6System15DelphiInterfaceINS_14IEnumerable__1INS_13UnicodeStringEEEEC2Ev CODE
 0001:0001e470 00004389H .text                   CODE
 0001:00022800 0000000eH .text$_ZNK6System13UnicodeString4dataEv CODE
 0001:00022810 00000021H .text$_ZN6System7TVarRecC2Ei CODE
 0001:00022840 00000021H .text$_ZN6System7TVarRecC2Ej CODE
 0001:00022870 00000021H .text$_ZN6System7TVarRecC2El CODE
 0001:000228a0 00000021H .text$_ZN6System7TVarRecC2Em CODE
 0001:000228d0 00000022H .text$_ZN6System7TVarRecC2ERKx CODE
 0001:00022900 00000031H .text$_ZN6System13UnicodeStringC2Ey CODE
 0001:00022940 00000022H .text$_ZN6System7TVarRecC2ERKe CODE
 0001:00022970 00000022H .text$_ZN6System7TVarRecC2ERKd CODE
 0001:000229a0 00003edbH .text                   CODE
 0001:00026880 0000001dH .text$_ZTWL16exception_object CODE
 0001:000268a0 000003d0H .text                   CODE
 0002:00000000 00000008H .rdata$__mingw_fe_dfl_env DATA
 0002:00000008 00000008H .rdata$__mingw_fe_pc64_env DATA
 0002:00000010 00000008H .rdata$__mingw_fe_pc53_env DATA
 0002:00000018 00000008H .rdata$.refptr._MINGW_INSTALL_DEBUG_MATHERR DATA
 0002:00000020 00000008H .rdata$.refptr.__ImageBase DATA
 0002:00000028 00000008H .rdata$.refptr.__dyn_tls_init_callback DATA
 0002:00000030 00000008H .rdata$.refptr.__globallocalestatus DATA
 0002:00000038 00000008H .rdata$.refptr.__mingw_app_type DATA
 0002:00000040 00000008H .rdata$.refptr.__mingw_initltsdrot_force DATA
 0002:00000048 00000008H .rdata$.refptr.__mingw_initltsdyn_force DATA
 0002:00000050 00000008H .rdata$.refptr.__mingw_initltssuo_force DATA
 0002:00000058 00000008H .rdata$.refptr.__mingw_oldexcpt_handler DATA
 0002:00000060 00000008H .rdata$.refptr.__native_startup_lock DATA
 0002:00000068 00000008H .rdata$.refptr.__native_startup_state DATA
 0002:00000070 00000008H .rdata$.refptr.__xc_a   DATA
 0002:00000078 00000008H .rdata$.refptr.__xc_z   DATA
 0002:00000080 00000008H .rdata$.refptr.__xi_a   DATA
 0002:00000088 00000008H .rdata$.refptr.__xi_z   DATA
 0002:00000090 00000008H .rdata$.refptr._commode DATA
 0002:00000098 00000008H .rdata$.refptr._dowildcard DATA
 0002:000000a0 00000008H .rdata$.refptr._fmode   DATA
 0002:000000a8 00000008H .rdata$.refptr._hInstance DATA
 0002:000000b0 00000008H .rdata$.refptr._newmode DATA
 0002:000000b8 00005a00H .rdata                  DATA
 0002:00005ab8 00000008H .rdata$.refptr._ZN6System10_init_instE DATA
 0002:00005ac0 00000008H .rdata                  DATA
 0002:00005ac8 00000001H .rdata$_ZNSt3__119piecewise_constructE DATA
 0002:00005ad0 00000018H .rdata$_ZTISt20bad_array_new_length DATA
 0002:00005ae8 00000019H .rdata$_ZTSSt20bad_array_new_length DATA
 0002:00005b08 00000018H .rdata$_ZTISt9bad_alloc DATA
 0002:00005b20 0000000dH .rdata$_ZTSSt9bad_alloc DATA
 0002:00005b30 00000010H .rdata$_ZTISt9exception DATA
 0002:00005b40 0000000dH .rdata$_ZTSSt9exception DATA
 0002:00005b50 00000787H .rdata                  DATA
 0002:000062e0 0000003dH .rdata$_ZTR16TClipboardServer DATA
 0002:00006320 00000050H .rdata$_ZTVNSt3__114basic_ofstreamIcNS_11char_traitsIcEEEE DATA
 0002:00006370 00000020H .rdata$_ZTTNSt3__114basic_ofstreamIcNS_11char_traitsIcEEEE DATA
 0002:00006390 00000050H .rdata$_ZTCNSt3__114basic_ofstreamIcNS_11char_traitsIcEEEE0_NS_13basic_ostreamIcS2_EE DATA
 0002:000063e0 00000028H .rdata$_ZTINSt3__113basic_ostreamIcNS_11char_traitsIcEEEE DATA
 0002:00006408 0000002fH .rdata$_ZTSNSt3__113basic_ostreamIcNS_11char_traitsIcEEEE DATA
 0002:00006438 00000018H .rdata$_ZTINSt3__19basic_iosIcNS_11char_traitsIcEEEE DATA
 0002:00006450 0000002aH .rdata$_ZTSNSt3__19basic_iosIcNS_11char_traitsIcEEEE DATA
 0002:00006480 00000010H .rdata$_ZTINSt3__18ios_baseE DATA
 0002:00006490 00000012H .rdata$_ZTSNSt3__18ios_baseE DATA
 0002:000064a8 00000018H .rdata$_ZTINSt3__114basic_ofstreamIcNS_11char_traitsIcEEEE DATA
 0002:000064c0 00000030H .rdata$_ZTSNSt3__114basic_ofstreamIcNS_11char_traitsIcEEEE DATA
 0002:000064f0 00000080H .rdata$_ZTVNSt3__113basic_filebufIcNS_11char_traitsIcEEEE DATA
 0002:00006570 00000018H .rdata$_ZTINSt3__113basic_filebufIcNS_11char_traitsIcEEEE DATA
 0002:00006588 0000002fH .rdata$_ZTSNSt3__113basic_filebufIcNS_11char_traitsIcEEEE DATA
 0002:000065b8 00000010H .rdata$_ZTINSt3__115basic_streambufIcNS_11char_traitsIcEEEE DATA
 0002:000065c8 00000031H .rdata$_ZTSNSt3__115basic_streambufIcNS_11char_traitsIcEEEE DATA
 0002:00006600 00000018H .rdata$_ZTISt8bad_cast  DATA
 0002:00006618 0000000cH .rdata$_ZTSSt8bad_cast  DATA
 0002:00006624 000001f1H .rdata                  DATA
 0002:00006818 00000008H .rdata$.refptr.ClipboardServer DATA
 0002:00006820 00000008H .rdata$.refptr._ZTRN6System8Sysutils9ExceptionE DATA
 0002:00006828 00000008H .rdata$.refptr._ZTV16TClipboardServer DATA
 0002:00006830 00000008H .rdata$.refptr._ZTVN6System8Sysutils9ExceptionE DATA
 0002:00006838 0000006cH .rdata                  DATA
 0002:000068a8 00000008H .rdata$.refptr.__imp___winitenv DATA
 0002:000068b0 00000048H .rdata                  DATA
 0002:000068f8 00000008H .rdata$.refptr._CRT_MT  DATA
 0002:00006900 00000008H .rdata$.refptr.__CTOR_LIST__ DATA
 0002:00006908 0000026dH .rdata                  DATA
 0002:00006b78 00000008H .rdata$.refptr.__RUNTIME_PSEUDO_RELOC_LIST_END__ DATA
 0002:00006b80 00000008H .rdata$.refptr.__RUNTIME_PSEUDO_RELOC_LIST__ DATA
 0002:00006b88 00000008H .rdata$.refptr._mngr    DATA
 0002:00006b90 00000008H .rdata$.refptr._mngr_set DATA
 0002:00006b98 00000003H .rdata                  DATA
 0002:00006ba0 00000008H .rdata$.refptr._ZTRN6System8Sysutils11ERangeErrorE DATA
 0002:00006ba8 00000008H .rdata$.refptr._ZTVN6System8Sysutils11ERangeErrorE DATA
 0002:00006bb0 00005738H .rdata                  DATA
 0002:0000c2e8 00000008H .rdata$.refptr.__EMBT_INIT_LIST_BEGIN__ DATA
 0002:0000c2f0 00000008H .rdata$.refptr.__EMBT_INIT_LIST_END__ DATA
 0002:0000c2f8 00000008H .rdata$.refptr.__isDLL  DATA
 0002:0000c300 00000008H .rdata$.refptr.__isGUI  DATA
 0002:0000c308 00000008H .rdata$.refptr.__isVCLPackage DATA
 0002:0000c310 000003c8H .rdata                  DATA
 0002:0000c7c0 00000010H .00cfg                  DATA
 0002:0000c7d0 00000008H .CRT$XCA                DATA
 0002:0000c7d8 00000008H .CRT$XCAA               DATA
 0002:0000c7e0 00000008H .CRT$XCZ                DATA
 0002:0000c7e8 00000008H .CRT$XDA                DATA
 0002:0000c7f0 00000008H .CRT$XDZ                DATA
 0002:0000c7f8 00000008H .CRT$XIA                DATA
 0002:0000c800 00000008H .CRT$XIA0               DATA
 0002:0000c808 00000008H .CRT$XIAA               DATA
 0002:0000c810 00000008H .CRT$XIZ                DATA
 0002:0000c818 00000008H .CRT$XLA                DATA
 0002:0000c820 00000008H .CRT$XLC                DATA
 0002:0000c828 00000008H .CRT$XLD                DATA
 0002:0000c830 00000008H .CRT$XLZ                DATA
 0002:0000c840 00000008H .ctors                  DATA
 0002:0000c848 00000008H .ctors.65435            DATA
 0002:0000c860 00000008H .dtors.65435            DATA
 0002:00018ae0 000002c4H .xdata                  DATA
 0002:00018da4 00000020H .xdata$_ZN6System13UnicodeStringaSEOS0_ DATA
 0002:00018dc4 00000020H .xdata$_ZN6System11AnsiStringTILt0EEaSEOS1_ DATA
 0002:00018de4 00000020H .xdata$_ZN6System11AnsiStringTILt0EED2Ev DATA
 0002:00018e04 00000020H .xdata$_ZNSt3__16__treeINS_12__value_typeIiNS_12basic_stringIcNS_11char_traitsIcEENS_9allocatorIcEEEEEENS_19__map_value_compareIiS8_NS_4lessIiEELb1EEENS5_IS8_EEE7destroyEPNS_11__tree_nodeIS8_PvEE DATA
 0002:00018e24 00000008H .xdata$_ZN6System11AnsiStringTILt0EEC1Ev DATA
 0002:00018e2c 00000008H .xdata$_ZNSt3__13mapIiNS_12basic_stringIcNS_11char_traitsIcEENS_9allocatorIcEEEENS_4lessIiEENS4_INS_4pairIKiS6_EEEEEC1B8ne200100Ev DATA
 0002:00018e34 00000008H .xdata$_ZN6System9TDateTimeC1Ev DATA
 0002:00018e3c 00000020H .xdata$_ZN6System13UnicodeStringaSEOS0_ DATA
 0002:00018e5c 00000008H .xdata$_ZN6System9TDateTimeaSERKS0_ DATA
 0002:00018e64 00000008H .xdata$_ZN6System11AnsiStringTILt0EEC1EPKc DATA
 0002:00018e6c 00000020H .xdata$_ZN6System11AnsiStringTILt0EEaSEOS1_ DATA
 0002:00018e8c 00000008H .xdata$_ZN6System11AnsiStringTILt0EED1Ev DATA
 0002:00018e94 00000008H .xdata$_ZNSt3__13mapIiNS_12basic_stringIcNS_11char_traitsIcEENS_9allocatorIcEEEENS_4lessIiEENS4_INS_4pairIKiS6_EEEEED1B8ne200100Ev DATA
 0002:00018e9c 00000008H .xdata$_ZN6System11AnsiStringTILt0EEC1ERKNS_13UnicodeStringE DATA
 0002:00018ea4 00000008H .xdata$_ZN6System13UnicodeStringC1ILt0EEERKNS_11AnsiStringTIXT_EEE DATA
 0002:00018eac 00000008H .xdata$_ZN6System9TDateTimeC2Ev DATA
 0002:00018eb4 00000008H .xdata$__clang_call_terminate DATA
 0002:00018ebc 00000008H .xdata$_ZN6System11AnsiStringTILt0EEC2ERKNS_13UnicodeStringE DATA
 0002:00018ec4 00000020H .xdata$_ZN6System11AnsiStringTILt0EED2Ev DATA
 0002:00018ee4 00000008H .xdata$_ZN6System11AnsiStringTILt0EEC1ERKS1_ DATA
 0002:00018eec 00000008H .xdata$_ZN6System11AnsiStringTILt0EEC2ERKS1_ DATA
 0002:00018ef4 00000008H .xdata$_ZN6System11AnsiStringTILt0EEC2Ev DATA
 0002:00018efc 00000008H .xdata$_ZN6System14AnsiStringBaseC2Ev DATA
 0002:00018f04 00000008H .xdata$_ZN6System13UnicodeStringC2ILt0EEERKNS_11AnsiStringTIXT_EEE DATA
 0002:00018f0c 00000008H .xdata$_ZNSt3__13mapIiNS_12basic_stringIcNS_11char_traitsIcEENS_9allocatorIcEEEENS_4lessIiEENS4_INS_4pairIKiS6_EEEEEC2B8ne200100Ev DATA
 0002:00018f14 00000008H .xdata$_ZNSt3__119__map_value_compareIiNS_12__value_typeIiNS_12basic_stringIcNS_11char_traitsIcEENS_9allocatorIcEEEEEENS_4lessIiEELb1EEC1B8ne200100ESA_ DATA
 0002:00018f1c 00000008H .xdata$_ZNSt3__16__treeINS_12__value_typeIiNS_12basic_stringIcNS_11char_traitsIcEENS_9allocatorIcEEEEEENS_19__map_value_compareIiS8_NS_4lessIiEELb1EEENS5_IS8_EEEC1ERKSC_ DATA
 0002:00018f24 00000008H .xdata$_ZNSt3__119__map_value_compareIiNS_12__value_typeIiNS_12basic_stringIcNS_11char_traitsIcEENS_9allocatorIcEEEEEENS_4lessIiEELb1EEC2B8ne200100ESA_ DATA
 0002:00018f2c 00000008H .xdata$_ZNSt3__16__treeINS_12__value_typeIiNS_12basic_stringIcNS_11char_traitsIcEENS_9allocatorIcEEEEEENS_19__map_value_compareIiS8_NS_4lessIiEELb1EEENS5_IS8_EEEC2ERKSC_ DATA
 0002:00018f34 00000008H .xdata$_ZNSt3__115__tree_end_nodeIPNS_16__tree_node_baseIPvEEEC1B8ne200100Ev DATA
 0002:00018f3c 00000008H .xdata$_ZNSt3__19allocatorINS_11__tree_nodeINS_12__value_typeIiNS_12basic_stringIcNS_11char_traitsIcEENS0_IcEEEEEEPvEEEC1B8ne200100Ev DATA
 0002:00018f44 00000008H .xdata$_ZNSt3__16__treeINS_12__value_typeIiNS_12basic_stringIcNS_11char_traitsIcEENS_9allocatorIcEEEEEENS_19__map_value_compareIiS8_NS_4lessIiEELb1EEENS5_IS8_EEE10__end_nodeB8ne200100Ev DATA
 0002:00018f4c 00000008H .xdata$_ZNSt3__16__treeINS_12__value_typeIiNS_12basic_stringIcNS_11char_traitsIcEENS_9allocatorIcEEEEEENS_19__map_value_compareIiS8_NS_4lessIiEELb1EEENS5_IS8_EEE12__begin_nodeB8ne200100Ev DATA
 0002:00018f54 00000008H .xdata$_ZNSt3__115__tree_end_nodeIPNS_16__tree_node_baseIPvEEEC2B8ne200100Ev DATA
 0002:00018f5c 00000008H .xdata$_ZNSt3__19allocatorINS_11__tree_nodeINS_12__value_typeIiNS_12basic_stringIcNS_11char_traitsIcEENS0_IcEEEEEEPvEEEC2B8ne200100Ev DATA
 0002:00018f64 00000008H .xdata$_ZNSt3__116__non_trivial_ifILb1ENS_9allocatorINS_11__tree_nodeINS_12__value_typeIiNS_12basic_stringIcNS_11char_traitsIcEENS1_IcEEEEEEPvEEEEEC2B8ne200100Ev DATA
 0002:00018f6c 00000008H .xdata$_ZNSt3__114pointer_traitsIPNS_15__tree_end_nodeIPNS_16__tree_node_baseIPvEEEEE10pointer_toB8ne200100ERS6_ DATA
 0002:00018f74 00000008H .xdata$_ZNSt3__13mapIiNS_12basic_stringIcNS_11char_traitsIcEENS_9allocatorIcEEEENS_4lessIiEENS4_INS_4pairIKiS6_EEEEED2B8ne200100Ev DATA
 0002:00018f7c 00000008H .xdata$_ZNSt3__16__treeINS_12__value_typeIiNS_12basic_stringIcNS_11char_traitsIcEENS_9allocatorIcEEEEEENS_19__map_value_compareIiS8_NS_4lessIiEELb1EEENS5_IS8_EEED1Ev DATA
 0002:00018f84 00000008H .xdata$_ZNSt3__16__treeINS_12__value_typeIiNS_12basic_stringIcNS_11char_traitsIcEENS_9allocatorIcEEEEEENS_19__map_value_compareIiS8_NS_4lessIiEELb1EEENS5_IS8_EEED2Ev DATA
 0002:00018f8c 00000020H .xdata$_ZNSt3__16__treeINS_12__value_typeIiNS_12basic_stringIcNS_11char_traitsIcEENS_9allocatorIcEEEEEENS_19__map_value_compareIiS8_NS_4lessIiEELb1EEENS5_IS8_EEE7destroyEPNS_11__tree_nodeIS8_PvEE DATA
 0002:00018fac 00000008H .xdata$_ZNKSt3__16__treeINS_12__value_typeIiNS_12basic_stringIcNS_11char_traitsIcEENS_9allocatorIcEEEEEENS_19__map_value_compareIiS8_NS_4lessIiEELb1EEENS5_IS8_EEE6__rootB8ne200100Ev DATA
 0002:00018fb4 00000008H .xdata$_ZNSt3__16__treeINS_12__value_typeIiNS_12basic_stringIcNS_11char_traitsIcEENS_9allocatorIcEEEEEENS_19__map_value_compareIiS8_NS_4lessIiEELb1EEENS5_IS8_EEE12__node_allocB8ne200100Ev DATA
 0002:00018fbc 00000008H .xdata$_ZNSt3__116allocator_traitsINS_9allocatorINS_11__tree_nodeINS_12__value_typeIiNS_12basic_stringIcNS_11char_traitsIcEENS1_IcEEEEEEPvEEEEE7destroyB8ne200100INS_4pairIKiS8_EEvTnNS_9enable_ifIXntsr13__has_destroyISC_PT_EE5valueEiE4typeELi0EEEvRSC_SK_ DATA
 0002:00018fc4 00000008H .xdata$_ZNSt3__122__tree_key_value_typesINS_12__value_typeIiNS_12basic_stringIcNS_11char_traitsIcEENS_9allocatorIcEEEEEEE9__get_ptrB8ne200100ERS8_ DATA
 0002:00018fcc 00000008H .xdata$_ZNSt3__116allocator_traitsINS_9allocatorINS_11__tree_nodeINS_12__value_typeIiNS_12basic_stringIcNS_11char_traitsIcEENS1_IcEEEEEEPvEEEEE10deallocateB8ne200100ERSC_PSB_y DATA
 0002:00018fd4 00000008H .xdata$_ZNSt3__112__destroy_atB8ne200100INS_4pairIKiNS_12basic_stringIcNS_11char_traitsIcEENS_9allocatorIcEEEEEETnNS_9enable_ifIXntsr8is_arrayIT_EE5valueEiE4typeELi0EEEvPSB_ DATA
 0002:00018fdc 00000008H .xdata$_ZNSt3__14pairIKiNS_12basic_stringIcNS_11char_traitsIcEENS_9allocatorIcEEEEED1Ev DATA
 0002:00018fe4 00000008H .xdata$_ZNSt3__14pairIKiNS_12basic_stringIcNS_11char_traitsIcEENS_9allocatorIcEEEEED2Ev DATA
 0002:00018fec 00000008H .xdata$_ZNSt3__112__value_typeIiNS_12basic_stringIcNS_11char_traitsIcEENS_9allocatorIcEEEEE11__get_valueB8ne200100Ev DATA
 0002:00018ff4 00000008H .xdata$_ZNSt3__17launderB8ne200100INS_4pairIKiNS_12basic_stringIcNS_11char_traitsIcEENS_9allocatorIcEEEEEEEEPT_SB_ DATA
 0002:00018ffc 00000008H .xdata$_ZNSt3__19__launderB8ne200100INS_4pairIKiNS_12basic_stringIcNS_11char_traitsIcEENS_9allocatorIcEEEEEEEEPT_SB_ DATA
[...]
 0005:0000465c       $pdata$_ZN6System8Internal10Helperhlpr13TDateTimeHlpr13HourOfTheWeekEv 000000014004f65c     rtl:System.Internal.HelperHlpr.o
 0005:00004668       $pdata$_ZN6System8Internal10Helperhlpr13TDateTimeHlpr15MinuteOfTheWeekEv 000000014004f668     rtl:System.Internal.HelperHlpr.o
 0005:00004674       $pdata$_ZN6System8Internal10Helperhlpr13TDateTimeHlpr15SecondOfTheWeekEv 000000014004f674     rtl:System.Internal.HelperHlpr.o
 0005:00004680       $pdata$_ZN6System8Internal10Helperhlpr13TDateTimeHlpr20MilliSecondOfTheWeekEv 000000014004f680     rtl:System.Internal.HelperHlpr.o
 0005:0000468c       $pdata$_ZN6System8Internal10Helperhlpr13TDateTimeHlpr14MinuteOfTheDayEv 000000014004f68c     rtl:System.Internal.HelperHlpr.o
 0005:00004698       $pdata$_ZN6System8Internal10Helperhlpr13TDateTimeHlpr14SecondOfTheDayEv 000000014004f698     rtl:System.Internal.HelperHlpr.o
 0005:000046a4       $pdata$_ZN6System8Internal10Helperhlpr13TDateTimeHlpr19MilliSecondOfTheDayEv 000000014004f6a4     rtl:System.Internal.HelperHlpr.o
 0005:000046b0       $pdata$_ZN6System8Internal10Helperhlpr13TDateTimeHlpr15SecondOfTheHourEv 000000014004f6b0     rtl:System.Internal.HelperHlpr.o
 0005:000046bc       $pdata$_ZN6System8Internal10Helperhlpr13TDateTimeHlpr20MilliSecondOfTheHourEv 000000014004f6bc     rtl:System.Internal.HelperHlpr.o
 0005:000046c8       $pdata$_ZN6System8Internal10Helperhlpr13TDateTimeHlpr22MilliSecondOfTheMinuteEv 000000014004f6c8     rtl:System.Internal.HelperHlpr.o
 0005:000046d4       $pdata$_ZN6System8Internal10Helperhlpr13TDateTimeHlpr15WithinPastYearsENS_9TDateTimeEi 000000014004f6d4     rtl:System.Internal.HelperHlpr.o
 0005:000046e0       $pdata$_ZN6System8Internal10Helperhlpr13TDateTimeHlpr16WithinPastMonthsENS_9TDateTimeEi 000000014004f6e0     rtl:System.Internal.HelperHlpr.o
 0005:000046ec       $pdata$_ZN6System8Internal10Helperhlpr13TDateTimeHlpr15WithinPastWeeksENS_9TDateTimeEi 000000014004f6ec     rtl:System.Internal.HelperHlpr.o
 0005:000046f8       $pdata$_ZN6System8Internal10Helperhlpr13TDateTimeHlpr14WithinPastDaysENS_9TDateTimeEi 000000014004f6f8     rtl:System.Internal.HelperHlpr.o
 0005:00004704       $pdata$_ZN6System8Internal10Helperhlpr13TDateTimeHlpr15WithinPastHoursENS_9TDateTimeEx 000000014004f704     rtl:System.Internal.HelperHlpr.o
 0005:00004710       $pdata$_ZN6System8Internal10Helperhlpr13TDateTimeHlpr17WithinPastMinutesENS_9TDateTimeEx 000000014004f710     rtl:System.Internal.HelperHlpr.o
 0005:0000471c       $pdata$_ZN6System8Internal10Helperhlpr13TDateTimeHlpr17WithinPastSecondsENS_9TDateTimeEx 000000014004f71c     rtl:System.Internal.HelperHlpr.o
 0005:00004728       $pdata$_ZN6System8Internal10Helperhlpr13TDateTimeHlpr22WithinPastMilliSecondsENS_9TDateTimeEx 000000014004f728     rtl:System.Internal.HelperHlpr.o
 0005:00004734       $pdata$_ZN6System8Internal10Helperhlpr13TDateTimeHlpr12YearsBetweenENS_9TDateTimeE 000000014004f734     rtl:System.Internal.HelperHlpr.o
 0005:00004740       $pdata$_ZN6System8Internal10Helperhlpr13TDateTimeHlpr13MonthsBetweenENS_9TDateTimeE 000000014004f740     rtl:System.Internal.HelperHlpr.o
 0005:0000474c       $pdata$_ZN6System8Internal10Helperhlpr13TDateTimeHlpr12WeeksBetweenENS_9TDateTimeE 000000014004f74c     rtl:System.Internal.HelperHlpr.o
 0005:00004758       $pdata$_ZN6System8Internal10Helperhlpr13TDateTimeHlpr11DaysBetweenENS_9TDateTimeE 000000014004f758     rtl:System.Internal.HelperHlpr.o
 0005:00004764       $pdata$_ZN6System8Internal10Helperhlpr13TDateTimeHlpr12HoursBetweenENS_9TDateTimeE 000000014004f764     rtl:System.Internal.HelperHlpr.o
 0005:00004770       $pdata$_ZN6System8Internal10Helperhlpr13TDateTimeHlpr14MinutesBetweenENS_9TDateTimeE 000000014004f770     rtl:System.Internal.HelperHlpr.o
 0005:0000477c       $pdata$_ZN6System8Internal10Helperhlpr13TDateTimeHlpr14SecondsBetweenENS_9TDateTimeE 000000014004f77c     rtl:System.Internal.HelperHlpr.o
 0005:00004788       $pdata$_ZN6System8Internal10Helperhlpr13TDateTimeHlpr19MilliSecondsBetweenENS_9TDateTimeE 000000014004f788     rtl:System.Internal.HelperHlpr.o
 0005:00004794       $pdata$_ZN6System8Internal10Helperhlpr13TDateTimeHlpr15DateTimeInRangeENS_9TDateTimeES3_b 000000014004f794     rtl:System.Internal.HelperHlpr.o
 0005:000047a0       $pdata$_ZN6System8Internal10Helperhlpr13TDateTimeHlpr11DateInRangeENS_9TDateTimeES3_b 000000014004f7a0     rtl:System.Internal.HelperHlpr.o
 0005:000047ac       $pdata$_ZN6System8Internal10Helperhlpr13TDateTimeHlpr11TimeInRangeENS_9TDateTimeES3_b 000000014004f7ac     rtl:System.Internal.HelperHlpr.o
 0005:000047b8       $pdata$_ZN6System8Internal10Helperhlpr13TDateTimeHlpr8YearSpanENS_9TDateTimeE 000000014004f7b8     rtl:System.Internal.HelperHlpr.o
 0005:000047c4       $pdata$_ZN6System8Internal10Helperhlpr13TDateTimeHlpr9MonthSpanENS_9TDateTimeE 000000014004f7c4     rtl:System.Internal.HelperHlpr.o
 0005:000047d0       $pdata$_ZN6System8Internal10Helperhlpr13TDateTimeHlpr8WeekSpanENS_9TDateTimeE 000000014004f7d0     rtl:System.Internal.HelperHlpr.o
 0005:000047dc       $pdata$_ZN6System8Internal10Helperhlpr13TDateTimeHlpr7DaySpanENS_9TDateTimeE 000000014004f7dc     rtl:System.Internal.HelperHlpr.o
 0005:000047e8       $pdata$_ZN6System8Internal10Helperhlpr13TDateTimeHlpr8HourSpanENS_9TDateTimeE 000000014004f7e8     rtl:System.Internal.HelperHlpr.o
 0005:000047f4       $pdata$_ZN6System8Internal10Helperhlpr13TDateTimeHlpr10MinuteSpanENS_9TDateTimeE 000000014004f7f4     rtl:System.Internal.HelperHlpr.o
 0005:00004800       $pdata$_ZN6System8Internal10Helperhlpr13TDateTimeHlpr10SecondSpanENS_9TDateTimeE 000000014004f800     rtl:System.Internal.HelperHlpr.o
 0005:0000480c       $pdata$_ZN6System8Internal10Helperhlpr13TDateTimeHlpr15MilliSecondSpanENS_9TDateTimeE 000000014004f80c     rtl:System.Internal.HelperHlpr.o
 0005:00004818       $pdata$_ZN6System8Internal10Helperhlpr13TDateTimeHlpr7IncYearEi 000000014004f818     rtl:System.Internal.HelperHlpr.o
 0005:00004824       $pdata$_ZN6System8Internal10Helperhlpr13TDateTimeHlpr8IncMonthEi 000000014004f824     rtl:System.Internal.HelperHlpr.o
 0005:00004830       $pdata$_ZN6System8Internal10Helperhlpr13TDateTimeHlpr7IncWeekEi 000000014004f830     rtl:System.Internal.HelperHlpr.o
 0005:0000483c       $pdata$_ZN6System8Internal10Helperhlpr13TDateTimeHlpr6IncDayEi 000000014004f83c     rtl:System.Internal.HelperHlpr.o
 0005:00004848       $pdata$_ZN6System8Internal10Helperhlpr13TDateTimeHlpr7IncHourEx 000000014004f848     rtl:System.Internal.HelperHlpr.o
 0005:00004854       $pdata$_ZN6System8Internal10Helperhlpr13TDateTimeHlpr9IncMinuteEx 000000014004f854     rtl:System.Internal.HelperHlpr.o
 0005:00004860       $pdata$_ZN6System8Internal10Helperhlpr13TDateTimeHlpr9IncSecondEx 000000014004f860     rtl:System.Internal.HelperHlpr.o
 0005:0000486c       $pdata$_ZN6System8Internal10Helperhlpr13TDateTimeHlpr14IncMilliSecondEx 000000014004f86c     rtl:System.Internal.HelperHlpr.o
 0005:00004878       $pdata$_ZN6System8Internal10Helperhlpr13TDateTimeHlpr9TryEncodeEttttttt 000000014004f878     rtl:System.Internal.HelperHlpr.o
 0005:00004884       $pdata$_ZN6System8Internal10Helperhlpr13TDateTimeHlpr13TryEncodeWeekEttt 000000014004f884     rtl:System.Internal.HelperHlpr.o
 0005:00004890       $pdata$_ZN6System8Internal10Helperhlpr13TDateTimeHlpr12TryEncodeDayEtt 000000014004f890     rtl:System.Internal.HelperHlpr.o
 0005:0000489c       $pdata$_ZN6System8Internal10Helperhlpr13TDateTimeHlpr18TryEncodeMonthWeekEtttt 000000014004f89c     rtl:System.Internal.HelperHlpr.o
 0005:000048a8       $pdata$_ZN6System8Internal10Helperhlpr13TDateTimeHlpr11SetDateTimeEttttttt 000000014004f8a8     rtl:System.Internal.HelperHlpr.o
 0005:000048b4       $pdata$_ZN6System8Internal10Helperhlpr13TDateTimeHlpr15CompareDateTimeENS_9TDateTimeE 000000014004f8b4     rtl:System.Internal.HelperHlpr.o
 0005:000048c0       $pdata$_ZN6System8Internal10Helperhlpr13TDateTimeHlpr12SameDateTimeENS_9TDateTimeE 000000014004f8c0     rtl:System.Internal.HelperHlpr.o
 0005:000048cc       $pdata$_ZN6System8Internal10Helperhlpr13TDateTimeHlpr11CompareDateENS_9TDateTimeE 000000014004f8cc     rtl:System.Internal.HelperHlpr.o
 0005:000048d8       $pdata$_ZN6System8Internal10Helperhlpr13TDateTimeHlpr8SameDateENS_9TDateTimeE 000000014004f8d8     rtl:System.Internal.HelperHlpr.o
 0005:000048e4       $pdata$_ZN6System8Internal10Helperhlpr13TDateTimeHlpr11CompareTimeENS_9TDateTimeE 000000014004f8e4     rtl:System.Internal.HelperHlpr.o
 0005:000048f0       $pdata$_ZN6System8Internal10Helperhlpr13TDateTimeHlpr8SameTimeENS_9TDateTimeE 000000014004f8f0     rtl:System.Internal.HelperHlpr.o
 0005:000048fc       $pdata$_ZN6System8Internal10Helperhlpr13TDateTimeHlpr12NthDayOfWeekEv 000000014004f8fc     rtl:System.Internal.HelperHlpr.o
 0005:00004908       $pdata$_ZN6System8Internal10Helperhlpr13TDateTimeHlpr25TryEncodeDayOfWeekInMonthEtttt 000000014004f908     rtl:System.Internal.HelperHlpr.o
 0005:00004914       $pdata$_ZN6System8Internal10Helperhlpr13TDateTimeHlpr12ToJulianDateEv 000000014004f914     rtl:System.Internal.HelperHlpr.o
 0005:00004920       $pdata$_ZN6System8Internal10Helperhlpr13TDateTimeHlpr16TrySetJulianDateEd 000000014004f920     rtl:System.Internal.HelperHlpr.o
 0005:0000492c       $pdata$_ZN6System8Internal10Helperhlpr13TDateTimeHlpr20ToModifiedJulianDateEv 000000014004f92c     rtl:System.Internal.HelperHlpr.o
 0005:00004938       $pdata$_ZN6System8Internal10Helperhlpr13TDateTimeHlpr24TrySetModifiedJulianDateEd 000000014004f938     rtl:System.Internal.HelperHlpr.o
 0005:00004944       $pdata$_ZN6System8Internal10Helperhlpr13TDateTimeHlpr6ToUnixEb 000000014004f944     rtl:System.Internal.HelperHlpr.o
 0005:00004950       $pdata$_ZN6System8Internal10Helperhlpr13TDateTimeHlpr14ToMillisecondsEv 000000014004f950     rtl:System.Internal.HelperHlpr.o
 0005:0000495c       $pdata$_ZN6System8Internal10Helperhlpr13TDateTimeHlpr18TimeToMillisecondsEv 000000014004f95c     rtl:System.Internal.HelperHlpr.o
 0005:00004968       $pdata$_ZN6System8Internal10Helperhlpr13TDateTimeHlpr13TrySetISO8601ENS_13UnicodeStringEb 000000014004f968     rtl:System.Internal.HelperHlpr.o
 0005:00004974       $pdata$_ZN6System8Internal10Helperhlpr13TDateTimeHlpr9ToISO8601Eb 000000014004f974     rtl:System.Internal.HelperHlpr.o
 0005:00004980       $pdata$_ZN6System8Internal10Helperhlpr13TDateTimeHlpr8ToStringEv 000000014004f980     rtl:System.Internal.HelperHlpr.o
 0005:0000498c       $pdata$_ZN6System8Internal10Helperhlpr13TDateTimeHlpr8ToStringERKNS_8Sysutils15TFormatSettingsE 000000014004f98c     rtl:System.Internal.HelperHlpr.o
 0005:00004998       $pdata$_ZN6System8Internal10Helperhlpr13TDateTimeHlpr6FormatENS_13UnicodeStringE 000000014004f998     rtl:System.Internal.HelperHlpr.o
 0005:000049a4       $pdata$_ZN6System8Internal10Helperhlpr13TDateTimeHlpr6FormatENS_13UnicodeStringERKNS_8Sysutils15TFormatSettingsE 000000014004f9a4     rtl:System.Internal.HelperHlpr.o
 0005:000049b0       $pdata$_ZN6System8Internal10Helperhlpr13TDateTimeHlpr7AddYearEi 000000014004f9b0     rtl:System.Internal.HelperHlpr.o
 0005:000049bc       $pdata$_ZN6System8Internal10Helperhlpr13TDateTimeHlpr8AddMonthEi 000000014004f9bc     rtl:System.Internal.HelperHlpr.o
 0005:000049c8       $pdata$_ZN6System8Internal10Helperhlpr13TDateTimeHlpr7AddWeekEi 000000014004f9c8     rtl:System.Internal.HelperHlpr.o
 0005:000049d4       $pdata$_ZN6System8Internal10Helperhlpr13TDateTimeHlpr6AddDayEi 000000014004f9d4     rtl:System.Internal.HelperHlpr.o
 0005:000049e0       $pdata$_ZN6System8Internal10Helperhlpr13TDateTimeHlpr7AddHourEx 000000014004f9e0     rtl:System.Internal.HelperHlpr.o
 0005:000049ec       $pdata$_ZN6System8Internal10Helperhlpr13TDateTimeHlpr9AddMinuteEx 000000014004f9ec     rtl:System.Internal.HelperHlpr.o
 0005:000049f8       $pdata$_ZN6System8Internal10Helperhlpr13TDateTimeHlpr9AddSecondEx 000000014004f9f8     rtl:System.Internal.HelperHlpr.o
 0005:00004a04       $pdata$_ZN6System8Internal10Helperhlpr13TDateTimeHlpr14AddMilliSecondEx 000000014004fa04     rtl:System.Internal.HelperHlpr.o
 0005:00004a10       $pdata$_ZN6System8Internal10Helperhlpr13TDateTimeHlpr6EncodeEttttttt 000000014004fa10     rtl:System.Internal.HelperHlpr.o
 0005:00004a1c       $pdata$_ZN6System8Internal10Helperhlpr13TDateTimeHlpr6DecodeERtS3_S3_S3_S3_S3_S3_ 000000014004fa1c     rtl:System.Internal.HelperHlpr.o
 0005:00004a28       $pdata$_ZN6System8Internal10Helperhlpr13TDateTimeHlpr10EncodeWeekEttt 000000014004fa28     rtl:System.Internal.HelperHlpr.o
 0005:00004a34       $pdata$_ZN6System8Internal10Helperhlpr13TDateTimeHlpr10DecodeWeekERtS3_S3_ 000000014004fa34     rtl:System.Internal.HelperHlpr.o
 0005:00004a40       $pdata$_ZN6System8Internal10Helperhlpr13TDateTimeHlpr9EncodeDayEtt 000000014004fa40     rtl:System.Internal.HelperHlpr.o
 0005:00004a4c       $pdata$_ZN6System8Internal10Helperhlpr13TDateTimeHlpr9DecodeDayERtS3_ 000000014004fa4c     rtl:System.Internal.HelperHlpr.o
 0005:00004a58       $pdata$_ZN6System8Internal10Helperhlpr13TDateTimeHlpr15EncodeMonthWeekEtttt 000000014004fa58     rtl:System.Internal.HelperHlpr.o
 0005:00004a64       $pdata$_ZN6System8Internal10Helperhlpr13TDateTimeHlpr15DecodeMonthWeekERtS3_S3_S3_ 000000014004fa64     rtl:System.Internal.HelperHlpr.o
 0005:00004a70       $pdata$_ZN6System8Internal10Helperhlpr13TDateTimeHlpr7SetYearEt 000000014004fa70     rtl:System.Internal.HelperHlpr.o
 0005:00004a7c       $pdata$_ZN6System8Internal10Helperhlpr13TDateTimeHlpr8SetMonthEt 000000014004fa7c     rtl:System.Internal.HelperHlpr.o
 0005:00004a88       $pdata$_ZN6System8Internal10Helperhlpr13TDateTimeHlpr6SetDayEt 000000014004fa88     rtl:System.Internal.HelperHlpr.o
 0005:00004a94       $pdata$_ZN6System8Internal10Helperhlpr13TDateTimeHlpr7SetHourEt 000000014004fa94     rtl:System.Internal.HelperHlpr.o
 0005:00004aa0       $pdata$_ZN6System8Internal10Helperhlpr13TDateTimeHlpr9SetMinuteEt 000000014004faa0     rtl:System.Internal.HelperHlpr.o
 0005:00004aac       $pdata$_ZN6System8Internal10Helperhlpr13TDateTimeHlpr9SetSecondEt 000000014004faac     rtl:System.Internal.HelperHlpr.o
 0005:00004ab8       $pdata$_ZN6System8Internal10Helperhlpr13TDateTimeHlpr14SetMilliSecondEt 000000014004fab8     rtl:System.Internal.HelperHlpr.o
 0005:00004ac4       $pdata$_ZN6System8Internal10Helperhlpr13TDateTimeHlpr7SetDateEttt 000000014004fac4     rtl:System.Internal.HelperHlpr.o
 0005:00004ad0       $pdata$_ZN6System8Internal10Helperhlpr13TDateTimeHlpr7SetTimeEtttt 000000014004fad0     rtl:System.Internal.HelperHlpr.o
 0005:00004adc       $pdata$_ZN6System8Internal10Helperhlpr13TDateTimeHlpr22DecodeDayOfWeekInMonthERtS3_S3_S3_ 000000014004fadc     rtl:System.Internal.HelperHlpr.o
 0005:00004ae8       $pdata$_ZN6System8Internal10Helperhlpr13TDateTimeHlpr22EncodeDayOfWeekInMonthEtttt 000000014004fae8     rtl:System.Internal.HelperHlpr.o
 0005:00004af4       $pdata$_ZN6System8Internal10Helperhlpr13TDateTimeHlpr13SetJulianDateEd 000000014004faf4     rtl:System.Internal.HelperHlpr.o
 0005:00004b00       $pdata$_ZN6System8Internal10Helperhlpr13TDateTimeHlpr21SetModifiedJulianDateEd 000000014004fb00     rtl:System.Internal.HelperHlpr.o
 0005:00004b0c       $pdata$_ZN6System8Internal10Helperhlpr13TDateTimeHlpr7SetUnixExb 000000014004fb0c     rtl:System.Internal.HelperHlpr.o
 0005:00004b18       $pdata$_ZN6System8Internal10Helperhlpr13TDateTimeHlpr10SetISO8601ENS_13UnicodeStringEb 000000014004fb18     rtl:System.Internal.HelperHlpr.o
 0005:00004b24       $pdata$_ZN6System8Internal10Helperhlpr13TDateTimeHlpr11SetHttpDateENS_13UnicodeStringEb 000000014004fb24     rtl:System.Internal.HelperHlpr.o
 0005:00004b30       $pdata$_ZN6System8Internal10Helperhlpr12FinalizationEv 000000014004fb30     rtl:System.Internal.HelperHlpr.o
 0005:00004b3c       $pdata$_ZN6System8Internal10Helperhlpr14initializationEv 000000014004fb3c     rtl:System.Internal.HelperHlpr.o
 0005:00004ba8       $pdata$_ZN6System8Internal7Initcpp23SelectForInitializationEPNS1_20TUnitDescriptorBlockES3_ 000000014004fba8     rtl:System.Internal.InitCPP.o
 0005:00004bb4       $pdata$_ZN6System8Internal7Initcpp23SelectForInitializationEPPNS1_20TUnitDescriptorBlockES4_ 000000014004fbb4     rtl:System.Internal.InitCPP.o
 0005:00004bc0       $pdata$_ZN6System8Internal7Initcpp15InitializeUnitsEPNS1_20TUnitDescriptorBlockES3_ 000000014004fbc0     rtl:System.Internal.InitCPP.o
 0005:00004bcc       $pdata$_ZN6System8Internal7Initcpp13FinalizeUnitsEPNS1_20TUnitDescriptorBlockES3_ 000000014004fbcc     rtl:System.Internal.InitCPP.o
 0005:00004bd8       $pdata$_ZN6System8Internal7Initcpp15InitializeUnitsEPPNS1_20TUnitDescriptorBlockES4_ 000000014004fbd8     rtl:System.Internal.InitCPP.o
 0005:00004be4       $pdata$_ZN6System8Internal7Initcpp13FinalizeUnitsEPPNS1_20TUnitDescriptorBlockES4_ 000000014004fbe4     rtl:System.Internal.InitCPP.o
 0005:00004bf0       $pdata$_ZN6System8Internal7Initcpp15InitializeUnitsEPNS1_15TUnitDescriptorES3_ 000000014004fbf0     rtl:System.Internal.InitCPP.o
 0005:00004bfc       $pdata$_ZN6System8Internal7Initcpp13FinalizeUnitsEPNS1_15TUnitDescriptorES3_ 000000014004fbfc     rtl:System.Internal.InitCPP.o
 0005:00004c08       $pdata$_ZN6System8Internal7Initcpp15CalculateDegreeEPNS1_20TUnitDescriptorBlockES3_ 000000014004fc08     rtl:System.Internal.InitCPP.o
 0005:00004c14       $pdata$_ZN6System8Internal7Initcpp15CalculateDegreeEPPNS1_20TUnitDescriptorBlockES4_ 000000014004fc14     rtl:System.Internal.InitCPP.o
 0005:00004c20       $pdata$_ZN6System8Internal7Initcpp16FinalizeUnitListEPPPNS1_15TUnitDescriptorES5_ 000000014004fc20     rtl:System.Internal.InitCPP.o
 0005:00004c38       $pdata$_ZN6System8Internal7Initcpp18InitializeRootUnitEPNS1_15TUnitDescriptorE 000000014004fc38     rtl:System.Internal.InitCPP.o
 0005:00004c74       $pdata$_ZN6System8Internal7Initcpp16FinalizeRootUnitEPNS1_15TUnitDescriptorE 000000014004fc74     rtl:System.Internal.InitCPP.o
 0005:00004c8c       $pdata$_ZN6System8Internal7Initcpp12FinalizationEv 000000014004fc8c     rtl:System.Internal.InitCPP.o
 0005:00004c98       $pdata$_ZN6System8Internal7Initcpp14initializationEv 000000014004fc98     rtl:System.Internal.InitCPP.o
 000a:00000010       _ZL15exception_count       0000000140054010     libmingw32:lib64_libmingw32_a-hook_delphieh.o
 000a:00000020       _ZL16exception_object      0000000140054020     libmingw32:lib64_libmingw32_a-hook_delphieh.o
 000b:00000380       $R000000                   0000000140055380     internal .obj file created from .res files
 000b:000005e8       $R000001                   00000001400555e8     internal .obj file created from .res files
 000b:000007f8       $R000002                   00000001400557f8     internal .obj file created from .res files
 000b:00001e20       $R000003                   0000000140056e20     internal .obj file created from .res files
 000b:00002cc8       $R000004                   0000000140057cc8     internal .obj file created from .res files
 000b:00003570       $R000005                   0000000140058570     internal .obj file created from .res files
 000b:00003ad8       $R000006                   0000000140058ad8     internal .obj file created from .res files
 000b:00009f98       $R000007                   000000014005ef98     internal .obj file created from .res files
 000b:0001a7c0       $R000008                   000000014006f7c0     internal .obj file created from .res files
 000b:0001e9e8       $R000009                   00000001400739e8     internal .obj file created from .res files
 000b:0001f370       $R00000A                   0000000140074370     internal .obj file created from .res files
 000b:0001f7d8       $R00000B                   00000001400747d8     internal .obj file created from .res files
 000b:0001f860       $R00000C                   0000000140074860     internal .obj file created from .res files
 000b:0001ff70       $R00000D                   0000000140074f70     internal .obj file created from .res files
